Archive member included because of file (symbol)

C:\Users\Bryce\AppData\Local\arduino15\packages\arduino\hardware\sam\1.6.11\variants\arduino_due_x/libsam_sam3x8e_gcc_rel.a(pio.o)
                              C:\Users\Bryce\AppData\Local\Temp\VMBuilds\MTRN4110_PhaseA\arduino_due_x_dbg\Debug\Wire\Wire.cpp.o (PIO_Configure)
C:\Users\Bryce\AppData\Local\arduino15\packages\arduino\hardware\sam\1.6.11\variants\arduino_due_x/libsam_sam3x8e_gcc_rel.a(pmc.o)
                              C:\Users\Bryce\AppData\Local\Temp\VMBuilds\MTRN4110_PhaseA\arduino_due_x_dbg\Debug\Wire\Wire.cpp.o (pmc_enable_periph_clk)
C:\Users\Bryce\AppData\Local\arduino15\packages\arduino\hardware\sam\1.6.11\variants\arduino_due_x/libsam_sam3x8e_gcc_rel.a(twi.o)
                              C:\Users\Bryce\AppData\Local\Temp\VMBuilds\MTRN4110_PhaseA\arduino_due_x_dbg\Debug\Wire\Wire.cpp.o (TWI_SetClock)
C:\Users\Bryce\AppData\Local\arduino15\packages\arduino\hardware\sam\1.6.11\variants\arduino_due_x/libsam_sam3x8e_gcc_rel.a(system_sam3xa.o)
                              C:\Users\Bryce\AppData\Local\Temp\VMBCore\arduino16x\89b3a82bc3cac47d5c536cdc328d0eb3\variant\variant.cpp.o (SystemInit)
C:\Users\Bryce\AppData\Local\arduino15\packages\arduino\hardware\sam\1.6.11\variants\arduino_due_x/libsam_sam3x8e_gcc_rel.a(startup_sam3xa.o)
                              (Reset_Handler)
C:\Users\Bryce\AppData\Local\arduino15\packages\arduino\hardware\sam\1.6.11\variants\arduino_due_x/libsam_sam3x8e_gcc_rel.a(adc.o)
                              C:\Users\Bryce\AppData\Local\Temp\VMBCore\arduino16x\89b3a82bc3cac47d5c536cdc328d0eb3\variant\variant.cpp.o (adc_init)
C:\Users\Bryce\AppData\Local\arduino15\packages\arduino\hardware\sam\1.6.11\variants\arduino_due_x/libsam_sam3x8e_gcc_rel.a(uotghs.o)
                              C:\Users\Bryce\AppData\Local\arduino15\packages\arduino\hardware\sam\1.6.11\variants\arduino_due_x/libsam_sam3x8e_gcc_rel.a(startup_sam3xa.o) (UOTGHS_Handler)
C:\Users\Bryce\AppData\Local\Temp\VMBuilds\MTRN4110_PhaseA\arduino_due_x_dbg\Debug/core.a(cortex_handlers.c.o)
                              C:\Users\Bryce\AppData\Local\arduino15\packages\arduino\hardware\sam\1.6.11\variants\arduino_due_x/libsam_sam3x8e_gcc_rel.a(startup_sam3xa.o) (NMI_Handler)
C:\Users\Bryce\AppData\Local\Temp\VMBuilds\MTRN4110_PhaseA\arduino_due_x_dbg\Debug/core.a(hooks.c.o)
                              C:\Users\Bryce\AppData\Local\Temp\VMBuilds\MTRN4110_PhaseA\arduino_due_x_dbg\Debug/core.a(cortex_handlers.c.o) (sysTickHook)
C:\Users\Bryce\AppData\Local\Temp\VMBuilds\MTRN4110_PhaseA\arduino_due_x_dbg\Debug/core.a(syscalls_sam3.c.o)
                              (_sbrk)
C:\Users\Bryce\AppData\Local\Temp\VMBuilds\MTRN4110_PhaseA\arduino_due_x_dbg\Debug/core.a(wiring.c.o)
                              C:\Users\Bryce\AppData\Local\Temp\VMBuilds\MTRN4110_PhaseA\arduino_due_x_dbg\Debug\MTRN4110_PhaseA.cpp.o (delay)
C:\Users\Bryce\AppData\Local\Temp\VMBuilds\MTRN4110_PhaseA\arduino_due_x_dbg\Debug/core.a(wiring_analog.c.o)
                              C:\Users\Bryce\AppData\Local\Temp\VMBCore\arduino16x\89b3a82bc3cac47d5c536cdc328d0eb3\variant\variant.cpp.o (analogOutputInit)
C:\Users\Bryce\AppData\Local\Temp\VMBuilds\MTRN4110_PhaseA\arduino_due_x_dbg\Debug/core.a(wiring_digital.c.o)
                              C:\Users\Bryce\AppData\Local\Temp\VMBuilds\MTRN4110_PhaseA\arduino_due_x_dbg\Debug/core.a(wiring_analog.c.o) (pinMode)
C:\Users\Bryce\AppData\Local\Temp\VMBuilds\MTRN4110_PhaseA\arduino_due_x_dbg\Debug/core.a(abi.cpp.o)
                              C:\Users\Bryce\AppData\Local\Temp\VMBuilds\MTRN4110_PhaseA\arduino_due_x_dbg\Debug\Wire\Wire.cpp.o (__cxa_pure_virtual)
C:\Users\Bryce\AppData\Local\Temp\VMBuilds\MTRN4110_PhaseA\arduino_due_x_dbg\Debug/core.a(main.cpp.o)
                              c:/users/bryce/appdata/local/arduino15/packages/arduino/tools/arm-none-eabi-gcc/4.8.3-2014q1/bin/../lib/gcc/arm-none-eabi/4.8.3/../../../../arm-none-eabi/lib/armv7-m/crt0.o (main)
C:\Users\Bryce\AppData\Local\Temp\VMBuilds\MTRN4110_PhaseA\arduino_due_x_dbg\Debug/core.a(Print.cpp.o)
                              C:\Users\Bryce\AppData\Local\Temp\VMBuilds\MTRN4110_PhaseA\arduino_due_x_dbg\Debug\LiquidCrystal_I2C\LiquidCrystal_I2C.cpp.o (Print::write(unsigned char const*, unsigned int))
C:\Users\Bryce\AppData\Local\Temp\VMBuilds\MTRN4110_PhaseA\arduino_due_x_dbg\Debug/core.a(Reset.cpp.o)
                              C:\Users\Bryce\AppData\Local\Temp\VMBuilds\MTRN4110_PhaseA\arduino_due_x_dbg\Debug/core.a(cortex_handlers.c.o) (tickReset)
C:\Users\Bryce\AppData\Local\Temp\VMBuilds\MTRN4110_PhaseA\arduino_due_x_dbg\Debug/core.a(RingBuffer.cpp.o)
                              C:\Users\Bryce\AppData\Local\Temp\VMBCore\arduino16x\89b3a82bc3cac47d5c536cdc328d0eb3\variant\variant.cpp.o (RingBuffer::RingBuffer())
C:\Users\Bryce\AppData\Local\Temp\VMBuilds\MTRN4110_PhaseA\arduino_due_x_dbg\Debug/core.a(UARTClass.cpp.o)
[...]
Memory Configuration

Name             Origin             Length             Attributes
rom              0x00080000         0x00080000         xr
sram0            0x20000000         0x00010000         xrw
sram1            0x20080000         0x00008000         xrw
ram              0x20070000         0x00018000         xrw
*default*        0x00000000         0xffffffff

Linker script and memory map

LOAD c:/users/bryce/appdata/local/arduino15/packages/arduino/tools/arm-none-eabi-gcc/4.8.3-2014q1/bin/../lib/gcc/arm-none-eabi/4.8.3/armv7-m/crti.o
LOAD c:/users/bryce/appdata/local/arduino15/packages/arduino/tools/arm-none-eabi-gcc/4.8.3-2014q1/bin/../lib/gcc/arm-none-eabi/4.8.3/armv7-m/crtbegin.o
LOAD c:/users/bryce/appdata/local/arduino15/packages/arduino/tools/arm-none-eabi-gcc/4.8.3-2014q1/bin/../lib/gcc/arm-none-eabi/4.8.3/../../../../arm-none-eabi/lib/armv7-m/crt0.o
START GROUP
LOAD C:\Users\Bryce\AppData\Local\Temp\VMBuilds\MTRN4110_PhaseA\arduino_due_x_dbg\Debug\MTRN4110_PhaseA.cpp.o
LOAD C:\Users\Bryce\AppData\Local\Temp\VMBuilds\MTRN4110_PhaseA\arduino_due_x_dbg\Debug\LiquidCrystal_I2C\LiquidCrystal_I2C.cpp.o
LOAD C:\Users\Bryce\AppData\Local\Temp\VMBuilds\MTRN4110_PhaseA\arduino_due_x_dbg\Debug\Wire\Wire.cpp.o
LOAD C:\Users\Bryce\AppData\Local\Temp\VMBCore\arduino16x\89b3a82bc3cac47d5c536cdc328d0eb3\variant\variant.cpp.o
LOAD C:\Users\Bryce\AppData\Local\arduino15\packages\arduino\hardware\sam\1.6.11\variants\arduino_due_x/libsam_sam3x8e_gcc_rel.a
LOAD C:\Users\Bryce\AppData\Local\Temp\VMBuilds\MTRN4110_PhaseA\arduino_due_x_dbg\Debug/core.a
END GROUP
LOAD c:/users/bryce/appdata/local/arduino15/packages/arduino/tools/arm-none-eabi-gcc/4.8.3-2014q1/bin/../lib/gcc/arm-none-eabi/4.8.3/../../../../arm-none-eabi/lib/armv7-m\libm.a
START GROUP
LOAD c:/users/bryce/appdata/local/arduino15/packages/arduino/tools/arm-none-eabi-gcc/4.8.3-2014q1/bin/../lib/gcc/arm-none-eabi/4.8.3/armv7-m\libgcc.a
LOAD c:/users/bryce/appdata/local/arduino15/packages/arduino/tools/arm-none-eabi-gcc/4.8.3-2014q1/bin/../lib/gcc/arm-none-eabi/4.8.3/../../../../arm-none-eabi/lib/armv7-m\libg.a
LOAD c:/users/bryce/appdata/local/arduino15/packages/arduino/tools/arm-none-eabi-gcc/4.8.3-2014q1/bin/../lib/gcc/arm-none-eabi/4.8.3/../../../../arm-none-eabi/lib/armv7-m\libc.a
END GROUP
LOAD c:/users/bryce/appdata/local/arduino15/packages/arduino/tools/arm-none-eabi-gcc/4.8.3-2014q1/bin/../lib/gcc/arm-none-eabi/4.8.3/armv7-m/crtend.o
LOAD c:/users/bryce/appdata/local/arduino15/packages/arduino/tools/arm-none-eabi-gcc/4.8.3-2014q1/bin/../lib/gcc/arm-none-eabi/4.8.3/armv7-m/crtn.o

.text           0x00080000     0x69bc
                0x00080000                . = ALIGN (0x4)
                0x00080000                _sfixed = .
 *(.vectors .vectors.*)
 .vectors       0x00080000       0xf4 C:\Users\Bryce\AppData\Local\arduino15\packages\arduino\hardware\sam\1.6.11\variants\arduino_due_x/libsam_sam3x8e_gcc_rel.a(startup_sam3xa.o)
                0x00080000                exception_table
 *(.text .text.* .gnu.linkonce.t.*)
 .text          0x000800f4       0x54 c:/users/bryce/appdata/local/arduino15/packages/arduino/tools/arm-none-eabi-gcc/4.8.3-2014q1/bin/../lib/gcc/arm-none-eabi/4.8.3/armv7-m/crtbegin.o
 .text._ZN4HC06D2Ev
                0x00080148        0x2 C:\Users\Bryce\AppData\Local\Temp\VMBuilds\MTRN4110_PhaseA\arduino_due_x_dbg\Debug\MTRN4110_PhaseA.cpp.o
                0x00080148                HC06::~HC06()
                0x00080148                HC06::~HC06()
 .text._ZN4MENUD2Ev
                0x0008014a       0x34 C:\Users\Bryce\AppData\Local\Temp\VMBuilds\MTRN4110_PhaseA\arduino_due_x_dbg\Debug\MTRN4110_PhaseA.cpp.o
                0x0008014a                MENU::~MENU()
                0x0008014a                MENU::~MENU()
 .text._Z6getHexc
                0x0008017e       0x12 C:\Users\Bryce\AppData\Local\Temp\VMBuilds\MTRN4110_PhaseA\arduino_due_x_dbg\Debug\MTRN4110_PhaseA.cpp.o
                0x0008017e                getHex(char)
 .text._ZN4MENUC2Ev
                0x00080190      0x140 C:\Users\Bryce\AppData\Local\Temp\VMBuilds\MTRN4110_PhaseA\arduino_due_x_dbg\Debug\MTRN4110_PhaseA.cpp.o
                0x00080190                MENU::MENU()
                0x00080190                MENU::MENU()
 .text._ZN4MENU10Print_PageEi
                0x000802d0       0x88 C:\Users\Bryce\AppData\Local\Temp\VMBuilds\MTRN4110_PhaseA\arduino_due_x_dbg\Debug\MTRN4110_PhaseA.cpp.o
                0x000802d0                MENU::Print_Page(int)
 .text._ZN4MENU10Print_MazeE6TUINT8
                0x00080358      0x188 C:\Users\Bryce\AppData\Local\Temp\VMBuilds\MTRN4110_PhaseA\arduino_due_x_dbg\Debug\MTRN4110_PhaseA.cpp.o
                0x00080358                MENU::Print_Maze(TUINT8)
 .text.startup._GLOBAL__sub_I_lcd
                0x000804e0       0x58 C:\Users\Bryce\AppData\Local\Temp\VMBuilds\MTRN4110_PhaseA\arduino_due_x_dbg\Debug\MTRN4110_PhaseA.cpp.o
 .text.setup    0x00080538       0x88 C:\Users\Bryce\AppData\Local\Temp\VMBuilds\MTRN4110_PhaseA\arduino_due_x_dbg\Debug\MTRN4110_PhaseA.cpp.o
                0x00080538                setup
 .text._ZN4HC067getMazeEv
                0x000805c0       0x9c C:\Users\Bryce\AppData\Local\Temp\VMBuilds\MTRN4110_PhaseA\arduino_due_x_dbg\Debug\MTRN4110_PhaseA.cpp.o
                0x000805c0                HC06::getMaze()
 .text._ZN4HC064readEv
                0x0008065c       0x3c C:\Users\Bryce\AppData\Local\Temp\VMBuilds\MTRN4110_PhaseA\arduino_due_x_dbg\Debug\MTRN4110_PhaseA.cpp.o
                0x0008065c                HC06::read()
 .text._ZN4HC064echoEv
                0x00080698       0x40 C:\Users\Bryce\AppData\Local\Temp\VMBuilds\MTRN4110_PhaseA\arduino_due_x_dbg\Debug\MTRN4110_PhaseA.cpp.o
                0x00080698                HC06::echo()
 .text.loop     0x000806d8       0x18 C:\Users\Bryce\AppData\Local\Temp\VMBuilds\MTRN4110_PhaseA\arduino_due_x_dbg\Debug\MTRN4110_PhaseA.cpp.o
                0x000806d8                loop
 .text._ZN17LiquidCrystal_I2CC2Ehhh
                0x000806f0       0x18 C:\Users\Bryce\AppData\Local\Temp\VMBuilds\MTRN4110_PhaseA\arduino_due_x_dbg\Debug\LiquidCrystal_I2C\LiquidCrystal_I2C.cpp.o
                0x000806f0                LiquidCrystal_I2C::LiquidCrystal_I2C(unsigned char, unsigned char, unsigned char)
                0x000806f0                LiquidCrystal_I2C::LiquidCrystal_I2C(unsigned char, unsigned char, unsigned char)
 .text._ZN17LiquidCrystal_I2C13expanderWriteEh
                0x00080708       0x2c C:\Users\Bryce\AppData\Local\Temp\VMBuilds\MTRN4110_PhaseA\arduino_due_x_dbg\Debug\LiquidCrystal_I2C\LiquidCrystal_I2C.cpp.o
                0x00080708                LiquidCrystal_I2C::expanderWrite(unsigned char)
 .text._ZN17LiquidCrystal_I2C9backlightEv
                0x00080734        0xa C:\Users\Bryce\AppData\Local\Temp\VMBuilds\MTRN4110_PhaseA\arduino_due_x_dbg\Debug\LiquidCrystal_I2C\LiquidCrystal_I2C.cpp.o
                0x00080734                LiquidCrystal_I2C::backlight()
 .text._ZN17LiquidCrystal_I2C11pulseEnableEh
                0x0008073e       0x2c C:\Users\Bryce\AppData\Local\Temp\VMBuilds\MTRN4110_PhaseA\arduino_due_x_dbg\Debug\LiquidCrystal_I2C\LiquidCrystal_I2C.cpp.o
                0x0008073e                LiquidCrystal_I2C::pulseEnable(unsigned char)
 .text._ZN17LiquidCrystal_I2C10write4bitsEh
                0x0008076a       0x16 C:\Users\Bryce\AppData\Local\Temp\VMBuilds\MTRN4110_PhaseA\arduino_due_x_dbg\Debug\LiquidCrystal_I2C\LiquidCrystal_I2C.cpp.o
                0x0008076a                LiquidCrystal_I2C::write4bits(unsigned char)
 .text._ZN17LiquidCrystal_I2C4sendEhh
                0x00080780       0x22 C:\Users\Bryce\AppData\Local\Temp\VMBuilds\MTRN4110_PhaseA\arduino_due_x_dbg\Debug\LiquidCrystal_I2C\LiquidCrystal_I2C.cpp.o
                0x00080780                LiquidCrystal_I2C::send(unsigned char, unsigned char)
 .text._ZN17LiquidCrystal_I2C5writeEh
                0x000807a2        0xc C:\Users\Bryce\AppData\Local\Temp\VMBuilds\MTRN4110_PhaseA\arduino_due_x_dbg\Debug\LiquidCrystal_I2C\LiquidCrystal_I2C.cpp.o
                0x000807a2                LiquidCrystal_I2C::write(unsigned char)
 .text._ZN17LiquidCrystal_I2C7commandEh
                0x000807ae        0x6 C:\Users\Bryce\AppData\Local\Temp\VMBuilds\MTRN4110_PhaseA\arduino_due_x_dbg\Debug\LiquidCrystal_I2C\LiquidCrystal_I2C.cpp.o
                0x000807ae                LiquidCrystal_I2C::command(unsigned char)
 .text._ZN17LiquidCrystal_I2C5clearEv
                0x000807b4       0x14 C:\Users\Bryce\AppData\Local\Temp\VMBuilds\MTRN4110_PhaseA\arduino_due_x_dbg\Debug\LiquidCrystal_I2C\LiquidCrystal_I2C.cpp.o
                0x000807b4                LiquidCrystal_I2C::clear()
 .text._ZN17LiquidCrystal_I2C4homeEv
                0x000807c8       0x14 C:\Users\Bryce\AppData\Local\Temp\VMBuilds\MTRN4110_PhaseA\arduino_due_x_dbg\Debug\LiquidCrystal_I2C\LiquidCrystal_I2C.cpp.o
                0x000807c8                LiquidCrystal_I2C::home()
 .text._ZN17LiquidCrystal_I2C9setCursorEhh
                0x000807dc       0x40 C:\Users\Bryce\AppData\Local\Temp\VMBuilds\MTRN4110_PhaseA\arduino_due_x_dbg\Debug\LiquidCrystal_I2C\LiquidCrystal_I2C.cpp.o
                0x000807dc                LiquidCrystal_I2C::setCursor(unsigned char, unsigned char)
 .text._ZN17LiquidCrystal_I2C7displayEv
                0x0008081c       0x14 C:\Users\Bryce\AppData\Local\Temp\VMBuilds\MTRN4110_PhaseA\arduino_due_x_dbg\Debug\LiquidCrystal_I2C\LiquidCrystal_I2C.cpp.o
                0x0008081c                LiquidCrystal_I2C::display()
 .text._ZN17LiquidCrystal_I2C5beginEhhh
                0x00080830       0xa8 C:\Users\Bryce\AppData\Local\Temp\VMBuilds\MTRN4110_PhaseA\arduino_due_x_dbg\Debug\LiquidCrystal_I2C\LiquidCrystal_I2C.cpp.o
                0x00080830                LiquidCrystal_I2C::begin(unsigned char, unsigned char, unsigned char)
 .text._ZN17LiquidCrystal_I2C9init_privEv
                0x000808d8       0x20 C:\Users\Bryce\AppData\Local\Temp\VMBuilds\MTRN4110_PhaseA\arduino_due_x_dbg\Debug\LiquidCrystal_I2C\LiquidCrystal_I2C.cpp.o
                0x000808d8                LiquidCrystal_I2C::init_priv()
 .text._ZN17LiquidCrystal_I2C4initEv
                0x000808f8        0x4 C:\Users\Bryce\AppData\Local\Temp\VMBuilds\MTRN4110_PhaseA\arduino_due_x_dbg\Debug\LiquidCrystal_I2C\LiquidCrystal_I2C.cpp.o
                0x000808f8                LiquidCrystal_I2C::init()
 .text._ZN7TwoWire5writeEPKhj
                0x000808fc       0x50 C:\Users\Bryce\AppData\Local\Temp\VMBuilds\MTRN4110_PhaseA\arduino_due_x_dbg\Debug\Wire\Wire.cpp.o
                0x000808fc                TwoWire::write(unsigned char const*, unsigned int)
 .text._ZN7TwoWire9availableEv
                0x0008094c        0xc C:\Users\Bryce\AppData\Local\Temp\VMBuilds\MTRN4110_PhaseA\arduino_due_x_dbg\Debug\Wire\Wire.cpp.o
                0x0008094c                TwoWire::available()
 .text._ZN7TwoWire4readEv
                0x00080958       0x1e C:\Users\Bryce\AppData\Local\Temp\VMBuilds\MTRN4110_PhaseA\arduino_due_x_dbg\Debug\Wire\Wire.cpp.o
                0x00080958                TwoWire::read()
 .text._ZN7TwoWire4peekEv
                0x00080976       0x16 C:\Users\Bryce\AppData\Local\Temp\VMBuilds\MTRN4110_PhaseA\arduino_due_x_dbg\Debug\Wire\Wire.cpp.o
                0x00080976                TwoWire::peek()
 .text._ZN7TwoWire5flushEv
                0x0008098c        0x2 C:\Users\Bryce\AppData\Local\Temp\VMBuilds\MTRN4110_PhaseA\arduino_due_x_dbg\Debug\Wire\Wire.cpp.o
                0x0008098c                TwoWire::flush()
 .text._ZN7TwoWire5writeEh
                0x0008098e       0x3a C:\Users\Bryce\AppData\Local\Temp\VMBuilds\MTRN4110_PhaseA\arduino_due_x_dbg\Debug\Wire\Wire.cpp.o
                0x0008098e                TwoWire::write(unsigned char)
 .text._ZL16TWI_WaitByteSentP3Twim.constprop.3
                0x000809c8       0x2c C:\Users\Bryce\AppData\Local\Temp\VMBuilds\MTRN4110_PhaseA\arduino_due_x_dbg\Debug\Wire\Wire.cpp.o
 .text._ZL24TWI_WaitTransferCompleteP3Twim.constprop.4
                0x000809f4       0x2c C:\Users\Bryce\AppData\Local\Temp\VMBuilds\MTRN4110_PhaseA\arduino_due_x_dbg\Debug\Wire\Wire.cpp.o
 .text._ZL9Wire_Initv
                0x00080a20       0x54 C:\Users\Bryce\AppData\Local\Temp\VMBuilds\MTRN4110_PhaseA\arduino_due_x_dbg\Debug\Wire\Wire.cpp.o
 .text._ZL12Wire1_Deinitv
                0x00080a74       0x18 C:\Users\Bryce\AppData\Local\Temp\VMBuilds\MTRN4110_PhaseA\arduino_due_x_dbg\Debug\Wire\Wire.cpp.o
 .text._ZL11Wire_Deinitv
                0x00080a8c       0x18 C:\Users\Bryce\AppData\Local\Temp\VMBuilds\MTRN4110_PhaseA\arduino_due_x_dbg\Debug\Wire\Wire.cpp.o
 .text._ZL10Wire1_Initv
                0x00080aa4       0x54 C:\Users\Bryce\AppData\Local\Temp\VMBuilds\MTRN4110_PhaseA\arduino_due_x_dbg\Debug\Wire\Wire.cpp.o
 .text._ZN7TwoWireC2EP3TwiPFvvES3_
                0x00080af8       0x48 C:\Users\Bryce\AppData\Local\Temp\VMBuilds\MTRN4110_PhaseA\arduino_due_x_dbg\Debug\Wire\Wire.cpp.o
                0x00080af8                TwoWire::TwoWire(Twi*, void (*)(), void (*)())
                0x00080af8                TwoWire::TwoWire(Twi*, void (*)(), void (*)())
 .text._ZN7TwoWire5beginEv
                0x00080b40       0x30 C:\Users\Bryce\AppData\Local\Temp\VMBuilds\MTRN4110_PhaseA\arduino_due_x_dbg\Debug\Wire\Wire.cpp.o
                0x00080b40                TwoWire::begin()
 .text._ZN7TwoWire17beginTransmissionEh
                0x00080b70       0x12 C:\Users\Bryce\AppData\Local\Temp\VMBuilds\MTRN4110_PhaseA\arduino_due_x_dbg\Debug\Wire\Wire.cpp.o
                0x00080b70                TwoWire::beginTransmission(unsigned char)
 .text._ZN7TwoWire15endTransmissionEh
                0x00080b82       0x82 C:\Users\Bryce\AppData\Local\Temp\VMBuilds\MTRN4110_PhaseA\arduino_due_x_dbg\Debug\Wire\Wire.cpp.o
                0x00080b82                TwoWire::endTransmission(unsigned char)
 .text._ZN7TwoWire15endTransmissionEv
                0x00080c04        0x6 C:\Users\Bryce\AppData\Local\Temp\VMBuilds\MTRN4110_PhaseA\arduino_due_x_dbg\Debug\Wire\Wire.cpp.o
                0x00080c04                TwoWire::endTransmission()
 .text._ZN7TwoWire9onServiceEv
                0x00080c0a      0x118 C:\Users\Bryce\AppData\Local\Temp\VMBuilds\MTRN4110_PhaseA\arduino_due_x_dbg\Debug\Wire\Wire.cpp.o
                0x00080c0a                TwoWire::onService()
 *fill*         0x00080d22        0x2 
 .text.TWI1_Handler
                0x00080d24        0xc C:\Users\Bryce\AppData\Local\Temp\VMBuilds\MTRN4110_PhaseA\arduino_due_x_dbg\Debug\Wire\Wire.cpp.o
                0x00080d24                TWI1_Handler
 .text.TWI0_Handler
                0x00080d30        0xc C:\Users\Bryce\AppData\Local\Temp\VMBuilds\MTRN4110_PhaseA\arduino_due_x_dbg\Debug\Wire\Wire.cpp.o
                0x00080d30                TWI0_Handler
 .text.startup._GLOBAL__sub_I__ZN7TwoWireC2EP3TwiPFvvES3_
                0x00080d3c       0x40 C:\Users\Bryce\AppData\Local\Temp\VMBuilds\MTRN4110_PhaseA\arduino_due_x_dbg\Debug\Wire\Wire.cpp.o
 .text._Z11serialEventv
                0x00080d7c        0x2 C:\Users\Bryce\AppData\Local\Temp\VMBCore\arduino16x\89b3a82bc3cac47d5c536cdc328d0eb3\variant\variant.cpp.o
                0x00080d7c                serialEvent()
 *fill*         0x00080d7e        0x2 
 .text.UART_Handler
                0x00080d80        0xc C:\Users\Bryce\AppData\Local\Temp\VMBCore\arduino16x\89b3a82bc3cac47d5c536cdc328d0eb3\variant\variant.cpp.o
                0x00080d80                UART_Handler
 .text._Z12serialEvent1v
                0x00080d8c        0x2 C:\Users\Bryce\AppData\Local\Temp\VMBCore\arduino16x\89b3a82bc3cac47d5c536cdc328d0eb3\variant\variant.cpp.o
                0x00080d8c                serialEvent1()
 .text._Z12serialEvent2v
                0x00080d8e        0x2 C:\Users\Bryce\AppData\Local\Temp\VMBCore\arduino16x\89b3a82bc3cac47d5c536cdc328d0eb3\variant\variant.cpp.o
                0x00080d8e                serialEvent2()
 .text._Z12serialEvent3v
                0x00080d90        0x2 C:\Users\Bryce\AppData\Local\Temp\VMBCore\arduino16x\89b3a82bc3cac47d5c536cdc328d0eb3\variant\variant.cpp.o
                0x00080d90                serialEvent3()
 *fill*         0x00080d92        0x2 
 .text.USART0_Handler
                0x00080d94        0xc C:\Users\Bryce\AppData\Local\Temp\VMBCore\arduino16x\89b3a82bc3cac47d5c536cdc328d0eb3\variant\variant.cpp.o
                0x00080d94                USART0_Handler
 .text.USART1_Handler
                0x00080da0        0xc C:\Users\Bryce\AppData\Local\Temp\VMBCore\arduino16x\89b3a82bc3cac47d5c536cdc328d0eb3\variant\variant.cpp.o
                0x00080da0                USART1_Handler
 .text.USART3_Handler
                0x00080dac        0xc C:\Users\Bryce\AppData\Local\Temp\VMBCore\arduino16x\89b3a82bc3cac47d5c536cdc328d0eb3\variant\variant.cpp.o
                0x00080dac                USART3_Handler
 .text.init     0x00080db8      0x128 C:\Users\Bryce\AppData\Local\Temp\VMBCore\arduino16x\89b3a82bc3cac47d5c536cdc328d0eb3\variant\variant.cpp.o
                0x00080db8                init
 .text.startup._GLOBAL__sub_I_g_APinDescription
                0x00080ee0       0xd4 C:\Users\Bryce\AppData\Local\Temp\VMBCore\arduino16x\89b3a82bc3cac47d5c536cdc328d0eb3\variant\variant.cpp.o
 .text._Z14serialEventRunv
                0x00080fb4       0x44 C:\Users\Bryce\AppData\Local\Temp\VMBCore\arduino16x\89b3a82bc3cac47d5c536cdc328d0eb3\variant\variant.cpp.o
                0x00080fb4                serialEventRun()
 .text.PIO_PullUp
                0x00080ff8        0xa C:\Users\Bryce\AppData\Local\arduino15\packages\arduino\hardware\sam\1.6.11\variants\arduino_due_x/libsam_sam3x8e_gcc_rel.a(pio.o)
                0x00080ff8                PIO_PullUp
 .text.PIO_SetPeripheral
                0x00081002       0x26 C:\Users\Bryce\AppData\Local\arduino15\packages\arduino\hardware\sam\1.6.11\variants\arduino_due_x/libsam_sam3x8e_gcc_rel.a(pio.o)
                0x00081002                PIO_SetPeripheral
 .text.PIO_SetInput
                0x00081028       0x26 C:\Users\Bryce\AppData\Local\arduino15\packages\arduino\hardware\sam\1.6.11\variants\arduino_due_x/libsam_sam3x8e_gcc_rel.a(pio.o)
                0x00081028                PIO_SetInput
 .text.PIO_SetOutput
                0x0008104e       0x24 C:\Users\Bryce\AppData\Local\arduino15\packages\arduino\hardware\sam\1.6.11\variants\arduino_due_x/libsam_sam3x8e_gcc_rel.a(pio.o)
                0x0008104e                PIO_SetOutput
 *fill*         0x00081072        0x2 
 .text.PIO_Configure
                0x00081074       0x64 C:\Users\Bryce\AppData\Local\arduino15\packages\arduino\hardware\sam\1.6.11\variants\arduino_due_x/libsam_sam3x8e_gcc_rel.a(pio.o)
                0x00081074                PIO_Configure
 .text.PIO_GetOutputDataStatus
                0x000810d8       0x14 C:\Users\Bryce\AppData\Local\arduino15\packages\arduino\hardware\sam\1.6.11\variants\arduino_due_x/libsam_sam3x8e_gcc_rel.a(pio.o)
                0x000810d8                PIO_GetOutputDataStatus
 .text.pmc_enable_upll_clock
                0x000810ec       0x14 C:\Users\Bryce\AppData\Local\arduino15\packages\arduino\hardware\sam\1.6.11\variants\arduino_due_x/libsam_sam3x8e_gcc_rel.a(pmc.o)
                0x000810ec                pmc_enable_upll_clock
 .text.pmc_enable_periph_clk
                0x00081100       0x44 C:\Users\Bryce\AppData\Local\arduino15\packages\arduino\hardware\sam\1.6.11\variants\arduino_due_x/libsam_sam3x8e_gcc_rel.a(pmc.o)
                0x00081100                pmc_enable_periph_clk
 .text.pmc_disable_periph_clk
                0x00081144       0x40 C:\Users\Bryce\AppData\Local\arduino15\packages\arduino\hardware\sam\1.6.11\variants\arduino_due_x/libsam_sam3x8e_gcc_rel.a(pmc.o)
                0x00081144                pmc_disable_periph_clk
 .text.pmc_switch_udpck_to_upllck
                0x00081184       0x14 C:\Users\Bryce\AppData\Local\arduino15\packages\arduino\hardware\sam\1.6.11\variants\arduino_due_x/libsam_sam3x8e_gcc_rel.a(pmc.o)
                0x00081184                pmc_switch_udpck_to_upllck
 .text.pmc_enable_udpck
                0x00081198        0xc C:\Users\Bryce\AppData\Local\arduino15\packages\arduino\hardware\sam\1.6.11\variants\arduino_due_x/libsam_sam3x8e_gcc_rel.a(pmc.o)
                0x00081198                pmc_enable_udpck
 .text.TWI_SetClock
                0x000811a4       0x58 C:\Users\Bryce\AppData\Local\arduino15\packages\arduino\hardware\sam\1.6.11\variants\arduino_due_x/libsam_sam3x8e_gcc_rel.a(twi.o)
                0x000811a4                TWI_SetClock
 .text.TWI_Disable
                0x000811fc       0x2c C:\Users\Bryce\AppData\Local\arduino15\packages\arduino\hardware\sam\1.6.11\variants\arduino_due_x/libsam_sam3x8e_gcc_rel.a(twi.o)
                0x000811fc                TWI_Disable
 .text.TWI_ConfigureMaster
                0x00081228       0x48 C:\Users\Bryce\AppData\Local\arduino15\packages\arduino\hardware\sam\1.6.11\variants\arduino_due_x/libsam_sam3x8e_gcc_rel.a(twi.o)
                0x00081228                TWI_ConfigureMaster
 .text.TWI_Stop
                0x00081270       0x28 C:\Users\Bryce\AppData\Local\arduino15\packages\arduino\hardware\sam\1.6.11\variants\arduino_due_x/libsam_sam3x8e_gcc_rel.a(twi.o)
                0x00081270                TWI_Stop
 .text.TWI_ReadByte
                0x00081298       0x28 C:\Users\Bryce\AppData\Local\arduino15\packages\arduino\hardware\sam\1.6.11\variants\arduino_due_x/libsam_sam3x8e_gcc_rel.a(twi.o)
                0x00081298                TWI_ReadByte
 .text.TWI_WriteByte
                0x000812c0       0x24 C:\Users\Bryce\AppData\Local\arduino15\packages\arduino\hardware\sam\1.6.11\variants\arduino_due_x/libsam_sam3x8e_gcc_rel.a(twi.o)
                0x000812c0                TWI_WriteByte
 .text.TWI_StartWrite
                0x000812e4       0x7c C:\Users\Bryce\AppData\Local\arduino15\packages\arduino\hardware\sam\1.6.11\variants\arduino_due_x/libsam_sam3x8e_gcc_rel.a(twi.o)
                0x000812e4                TWI_StartWrite
 .text.TWI_EnableIt
                0x00081360       0x40 C:\Users\Bryce\AppData\Local\arduino15\packages\arduino\hardware\sam\1.6.11\variants\arduino_due_x/libsam_sam3x8e_gcc_rel.a(twi.o)
                0x00081360                TWI_EnableIt
 .text.TWI_DisableIt
                0x000813a0       0x40 C:\Users\Bryce\AppData\Local\arduino15\packages\arduino\hardware\sam\1.6.11\variants\arduino_due_x/libsam_sam3x8e_gcc_rel.a(twi.o)
                0x000813a0                TWI_DisableIt
 .text.TWI_GetStatus
                0x000813e0       0x28 C:\Users\Bryce\AppData\Local\arduino15\packages\arduino\hardware\sam\1.6.11\variants\arduino_due_x/libsam_sam3x8e_gcc_rel.a(twi.o)
                0x000813e0                TWI_GetStatus
 .text.SystemInit
                0x00081408       0x88 C:\Users\Bryce\AppData\Local\arduino15\packages\arduino\hardware\sam\1.6.11\variants\arduino_due_x/libsam_sam3x8e_gcc_rel.a(system_sam3xa.o)
                0x00081408                SystemInit
 .text.Reset_Handler
                0x00081490       0x78 C:\Users\Bryce\AppData\Local\arduino15\packages\arduino\hardware\sam\1.6.11\variants\arduino_due_x/libsam_sam3x8e_gcc_rel.a(startup_sam3xa.o)
                0x00081490                Reset_Handler
 .text.adc_init
                0x00081508       0x98 C:\Users\Bryce\AppData\Local\arduino15\packages\arduino\hardware\sam\1.6.11\variants\arduino_due_x/libsam_sam3x8e_gcc_rel.a(adc.o)
                0x00081508                adc_init
 .text.adc_configure_trigger
                0x000815a0        0xe C:\Users\Bryce\AppData\Local\arduino15\packages\arduino\hardware\sam\1.6.11\variants\arduino_due_x/libsam_sam3x8e_gcc_rel.a(adc.o)
                0x000815a0                adc_configure_trigger
 .text.adc_configure_timing
                0x000815ae       0x1a C:\Users\Bryce\AppData\Local\arduino15\packages\arduino\hardware\sam\1.6.11\variants\arduino_due_x/libsam_sam3x8e_gcc_rel.a(adc.o)
                0x000815ae                adc_configure_timing
 .text.adc_disable_channel
                0x000815c8        0xa C:\Users\Bryce\AppData\Local\arduino15\packages\arduino\hardware\sam\1.6.11\variants\arduino_due_x/libsam_sam3x8e_gcc_rel.a(adc.o)
                0x000815c8                adc_disable_channel
 .text.adc_disable_all_channel
                0x000815d2        0x8 C:\Users\Bryce\AppData\Local\arduino15\packages\arduino\hardware\sam\1.6.11\variants\arduino_due_x/libsam_sam3x8e_gcc_rel.a(adc.o)
                0x000815d2                adc_disable_all_channel
 .text.adc_disable_interrupt
                0x000815da        0x4 C:\Users\Bryce\AppData\Local\arduino15\packages\arduino\hardware\sam\1.6.11\variants\arduino_due_x/libsam_sam3x8e_gcc_rel.a(adc.o)
                0x000815da                adc_disable_interrupt
 *fill*         0x000815de        0x2 
 .text.UOTGHS_Handler
                0x000815e0       0x10 C:\Users\Bryce\AppData\Local\arduino15\packages\arduino\hardware\sam\1.6.11\variants\arduino_due_x/libsam_sam3x8e_gcc_rel.a(uotghs.o)
                0x000815e0                UOTGHS_Handler
 .text.__halt   0x000815f0        0x2 C:\Users\Bryce\AppData\Local\Temp\VMBuilds\MTRN4110_PhaseA\arduino_due_x_dbg\Debug/core.a(cortex_handlers.c.o)
                0x000815f0                DACC_Handler
                0x000815f0                DebugMon_Handler
                0x000815f0                DMAC_Handler
                0x000815f0                TRNG_Handler
                0x000815f0                HardFault_Handler
                0x000815f0                TC2_Handler
                0x000815f0                NMI_Handler
                0x000815f0                TC7_Handler
                0x000815f0                ADC_Handler
                0x000815f0                SMC_Handler
                0x000815f0                RTT_Handler
                0x000815f0                EFC1_Handler
                0x000815f0                PIOB_Handler
                0x000815f0                RTC_Handler
                0x000815f0                UsageFault_Handler
                0x000815f0                TC6_Handler
                0x000815f0                WDT_Handler
                0x000815f0                CAN0_Handler
                0x000815f0                TC4_Handler
                0x000815f0                TC1_Handler
                0x000815f0                HSMCI_Handler
                0x000815f0                TC3_Handler
                0x000815f0                PIOA_Handler
                0x000815f0                SSC_Handler
                0x000815f0                EFC0_Handler
                0x000815f0                PMC_Handler
                0x000815f0                PWM_Handler
                0x000815f0                CAN1_Handler
                0x000815f0                MemManage_Handler
                0x000815f0                SUPC_Handler
                0x000815f0                TC8_Handler
                0x000815f0                USART2_Handler
                0x000815f0                PIOD_Handler
                0x000815f0                EMAC_Handler
                0x000815f0                PIOC_Handler
                0x000815f0                BusFault_Handler
                0x000815f0                RSTC_Handler
                0x000815f0                TC0_Handler
                0x000815f0                TC5_Handler
                0x000815f0                SPI0_Handler
 .text.SVC_Handler
                0x000815f2        0x4 C:\Users\Bryce\AppData\Local\Temp\VMBuilds\MTRN4110_PhaseA\arduino_due_x_dbg\Debug/core.a(cortex_handlers.c.o)
                0x000815f2                SVC_Handler
 .text.PendSV_Handler
                0x000815f6        0x4 C:\Users\Bryce\AppData\Local\Temp\VMBuilds\MTRN4110_PhaseA\arduino_due_x_dbg\Debug/core.a(cortex_handlers.c.o)
                0x000815f6                PendSV_Handler
 .text.SysTick_Handler
                0x000815fa       0x16 C:\Users\Bryce\AppData\Local\Temp\VMBuilds\MTRN4110_PhaseA\arduino_due_x_dbg\Debug/core.a(cortex_handlers.c.o)
                0x000815fa                SysTick_Handler
 .text.__empty  0x00081610        0x2 C:\Users\Bryce\AppData\Local\Temp\VMBuilds\MTRN4110_PhaseA\arduino_due_x_dbg\Debug/core.a(hooks.c.o)
                0x00081610                yield
 .text.__false  0x00081612        0x4 C:\Users\Bryce\AppData\Local\Temp\VMBuilds\MTRN4110_PhaseA\arduino_due_x_dbg\Debug/core.a(hooks.c.o)
                0x00081612                sysTickHook
 .text.__halt   0x00081616        0x2 C:\Users\Bryce\AppData\Local\Temp\VMBuilds\MTRN4110_PhaseA\arduino_due_x_dbg\Debug/core.a(hooks.c.o)
                0x00081616                svcHook
                0x00081616                pendSVHook
 .text._sbrk    0x00081618       0x1c C:\Users\Bryce\AppData\Local\Temp\VMBuilds\MTRN4110_PhaseA\arduino_due_x_dbg\Debug/core.a(syscalls_sam3.c.o)
                0x00081618                _sbrk
 .text.link     0x00081634        0x6 C:\Users\Bryce\AppData\Local\Temp\VMBuilds\MTRN4110_PhaseA\arduino_due_x_dbg\Debug/core.a(syscalls_sam3.c.o)
                0x00081634                link
 .text._close   0x0008163a        0x6 C:\Users\Bryce\AppData\Local\Temp\VMBuilds\MTRN4110_PhaseA\arduino_due_x_dbg\Debug/core.a(syscalls_sam3.c.o)
                0x0008163a                _close
 .text._fstat   0x00081640        0xa C:\Users\Bryce\AppData\Local\Temp\VMBuilds\MTRN4110_PhaseA\arduino_due_x_dbg\Debug/core.a(syscalls_sam3.c.o)
                0x00081640                _fstat
 .text._isatty  0x0008164a        0x4 C:\Users\Bryce\AppData\Local\Temp\VMBuilds\MTRN4110_PhaseA\arduino_due_x_dbg\Debug/core.a(syscalls_sam3.c.o)
                0x0008164a                _isatty
 .text._lseek   0x0008164e        0x4 C:\Users\Bryce\AppData\Local\Temp\VMBuilds\MTRN4110_PhaseA\arduino_due_x_dbg\Debug/core.a(syscalls_sam3.c.o)
                0x0008164e                _lseek
 .text._read    0x00081652        0x4 C:\Users\Bryce\AppData\Local\Temp\VMBuilds\MTRN4110_PhaseA\arduino_due_x_dbg\Debug/core.a(syscalls_sam3.c.o)
                0x00081652                _read
 *fill*         0x00081656        0x2 
 .text._write   0x00081658       0x24 C:\Users\Bryce\AppData\Local\Temp\VMBuilds\MTRN4110_PhaseA\arduino_due_x_dbg\Debug/core.a(syscalls_sam3.c.o)
                0x00081658                _write
 .text._exit    0x0008167c       0x10 C:\Users\Bryce\AppData\Local\Temp\VMBuilds\MTRN4110_PhaseA\arduino_due_x_dbg\Debug/core.a(syscalls_sam3.c.o)
                0x0008167c                _exit
 .text._kill    0x0008168c        0x2 C:\Users\Bryce\AppData\Local\Temp\VMBuilds\MTRN4110_PhaseA\arduino_due_x_dbg\Debug/core.a(syscalls_sam3.c.o)
                0x0008168c                _kill
 .text._getpid  0x0008168e        0x6 C:\Users\Bryce\AppData\Local\Temp\VMBuilds\MTRN4110_PhaseA\arduino_due_x_dbg\Debug/core.a(syscalls_sam3.c.o)
                0x0008168e                _getpid
 .text.delay    0x00081694       0x1c C:\Users\Bryce\AppData\Local\Temp\VMBuilds\MTRN4110_PhaseA\arduino_due_x_dbg\Debug/core.a(wiring.c.o)
                0x00081694                delay
 .text.analogOutputInit
                0x000816b0        0x2 C:\Users\Bryce\AppData\Local\Temp\VMBuilds\MTRN4110_PhaseA\arduino_due_x_dbg\Debug/core.a(wiring_analog.c.o)
                0x000816b0                analogOutputInit
 *fill*         0x000816b2        0x2 
 .text.pinMode  0x000816b4      0x108 C:\Users\Bryce\AppData\Local\Temp\VMBuilds\MTRN4110_PhaseA\arduino_due_x_dbg\Debug/core.a(wiring_digital.c.o)
                0x000816b4                pinMode
 .text.digitalWrite
                0x000817bc       0x70 C:\Users\Bryce\AppData\Local\Temp\VMBuilds\MTRN4110_PhaseA\arduino_due_x_dbg\Debug/core.a(wiring_digital.c.o)
                0x000817bc                digitalWrite
 .text.initVariant
                0x0008182c        0x2 C:\Users\Bryce\AppData\Local\Temp\VMBuilds\MTRN4110_PhaseA\arduino_due_x_dbg\Debug/core.a(main.cpp.o)
                0x0008182c                initVariant
 *fill*         0x0008182e        0x2 
 .text.startup.main
                0x00081830       0x38 C:\Users\Bryce\AppData\Local\Temp\VMBuilds\MTRN4110_PhaseA\arduino_due_x_dbg\Debug/core.a(main.cpp.o)
                0x00081830                main
 .text._ZN5Print5writeEPKhj
                0x00081868       0x22 C:\Users\Bryce\AppData\Local\Temp\VMBuilds\MTRN4110_PhaseA\arduino_due_x_dbg\Debug/core.a(Print.cpp.o)
                0x00081868                Print::write(unsigned char const*, unsigned int)
 .text._ZN5Print5printEmi.part.3
                0x0008188a        0xc C:\Users\Bryce\AppData\Local\Temp\VMBuilds\MTRN4110_PhaseA\arduino_due_x_dbg\Debug/core.a(Print.cpp.o)
 .text._ZN5Print5writeEPKc
                0x00081896       0x1e C:\Users\Bryce\AppData\Local\Temp\VMBuilds\MTRN4110_PhaseA\arduino_due_x_dbg\Debug/core.a(Print.cpp.o)
                0x00081896                Print::write(char const*)
 .text._ZN5Print5printERK6String
                0x000818b4       0x10 C:\Users\Bryce\AppData\Local\Temp\VMBuilds\MTRN4110_PhaseA\arduino_due_x_dbg\Debug/core.a(Print.cpp.o)
                0x000818b4                Print::print(String const&)
 .text._ZN5Print5printEPKc
                0x000818c4        0x8 C:\Users\Bryce\AppData\Local\Temp\VMBuilds\MTRN4110_PhaseA\arduino_due_x_dbg\Debug/core.a(Print.cpp.o)
                0x000818c4                Print::print(char const*)
 .text._ZN5Print5printEc
                0x000818cc        0xa C:\Users\Bryce\AppData\Local\Temp\VMBuilds\MTRN4110_PhaseA\arduino_due_x_dbg\Debug/core.a(Print.cpp.o)
                0x000818cc                Print::print(char)
 *fill*         0x000818d6        0x2 
 .text._ZN5Print7printlnEv
                0x000818d8       0x10 C:\Users\Bryce\AppData\Local\Temp\VMBuilds\MTRN4110_PhaseA\arduino_due_x_dbg\Debug/core.a(Print.cpp.o)
                0x000818d8                Print::println()
 .text._ZN5Print7printlnEPKc
                0x000818e8       0x14 C:\Users\Bryce\AppData\Local\Temp\VMBuilds\MTRN4110_PhaseA\arduino_due_x_dbg\Debug/core.a(Print.cpp.o)
                0x000818e8                Print::println(char const*)
 .text._ZN5Print11printNumberEmh
                0x000818fc       0x3e C:\Users\Bryce\AppData\Local\Temp\VMBuilds\MTRN4110_PhaseA\arduino_due_x_dbg\Debug/core.a(Print.cpp.o)
                0x000818fc                Print::printNumber(unsigned long, unsigned char)
 .text._ZN5Print5printEmi
                0x0008193a        0xc C:\Users\Bryce\AppData\Local\Temp\VMBuilds\MTRN4110_PhaseA\arduino_due_x_dbg\Debug/core.a(Print.cpp.o)
                0x0008193a                Print::print(unsigned long, int)
 .text._ZN5Print5printEhi
                0x00081946        0x4 C:\Users\Bryce\AppData\Local\Temp\VMBuilds\MTRN4110_PhaseA\arduino_due_x_dbg\Debug/core.a(Print.cpp.o)
                0x00081946                Print::print(unsigned char, int)
 *fill*         0x0008194a        0x2 
 .text.initiateReset
                0x0008194c        0xc C:\Users\Bryce\AppData\Local\Temp\VMBuilds\MTRN4110_PhaseA\arduino_due_x_dbg\Debug/core.a(Reset.cpp.o)
                0x0008194c                initiateReset
 .text.cancelReset
                0x00081958       0x10 C:\Users\Bryce\AppData\Local\Temp\VMBuilds\MTRN4110_PhaseA\arduino_due_x_dbg\Debug/core.a(Reset.cpp.o)
                0x00081958                cancelReset
 .text.tickReset
                0x00081968       0x20 C:\Users\Bryce\AppData\Local\Temp\VMBuilds\MTRN4110_PhaseA\arduino_due_x_dbg\Debug/core.a(Reset.cpp.o)
                0x00081968                tickReset
 .text._ZN10RingBufferC2Ev
                0x00081988       0x1a C:\Users\Bryce\AppData\Local\Temp\VMBuilds\MTRN4110_PhaseA\arduino_due_x_dbg\Debug/core.a(RingBuffer.cpp.o)
                0x00081988                RingBuffer::RingBuffer()
                0x00081988                RingBuffer::RingBuffer()
 .text._ZN10RingBuffer10store_charEh
                0x000819a2       0x1e C:\Users\Bryce\AppData\Local\Temp\VMBuilds\MTRN4110_PhaseA\arduino_due_x_dbg\Debug/core.a(RingBuffer.cpp.o)
                0x000819a2                RingBuffer::store_char(unsigned char)
 .text._ZN9UARTClasscvbEv
                0x000819c0        0x4 C:\Users\Bryce\AppData\Local\Temp\VMBuilds\MTRN4110_PhaseA\arduino_due_x_dbg\Debug/core.a(UARTClass.cpp.o)
                0x000819c0                UARTClass::operator bool()
 .text._ZN9UARTClass9availableEv
                0x000819c4       0x12 C:\Users\Bryce\AppData\Local\Temp\VMBuilds\MTRN4110_PhaseA\arduino_due_x_dbg\Debug/core.a(UARTClass.cpp.o)
                0x000819c4                UARTClass::available()
 .text._ZN9UARTClass4peekEv
                0x000819d6       0x1c C:\Users\Bryce\AppData\Local\Temp\VMBuilds\MTRN4110_PhaseA\arduino_due_x_dbg\Debug/core.a(UARTClass.cpp.o)
                0x000819d6                UARTClass::peek()
 .text._ZN9UARTClass4readEv
                0x000819f2       0x2a C:\Users\Bryce\AppData\Local\Temp\VMBuilds\MTRN4110_PhaseA\arduino_due_x_dbg\Debug/core.a(UARTClass.cpp.o)
                0x000819f2                UARTClass::read()
 .text._ZN9UARTClass5flushEv
                0x00081a1c       0x18 C:\Users\Bryce\AppData\Local\Temp\VMBuilds\MTRN4110_PhaseA\arduino_due_x_dbg\Debug/core.a(UARTClass.cpp.o)
                0x00081a1c                UARTClass::flush()
 .text._ZN9UARTClass5writeEh
                0x00081a34       0x54 C:\Users\Bryce\AppData\Local\Temp\VMBuilds\MTRN4110_PhaseA\arduino_due_x_dbg\Debug/core.a(UARTClass.cpp.o)
                0x00081a34                UARTClass::write(unsigned char)
 .text._ZN9UARTClass3endEv
                0x00081a88       0x3c C:\Users\Bryce\AppData\Local\Temp\VMBuilds\MTRN4110_PhaseA\arduino_due_x_dbg\Debug/core.a(UARTClass.cpp.o)
                0x00081a88                UARTClass::end()
 .text._ZN9UARTClassC2EP4Uart4IRQnmP10RingBufferS4_
                0x00081ac4       0x24 C:\Users\Bryce\AppData\Local\Temp\VMBuilds\MTRN4110_PhaseA\arduino_due_x_dbg\Debug/core.a(UARTClass.cpp.o)
                0x00081ac4                UARTClass::UARTClass(Uart*, IRQn, unsigned long, RingBuffer*, RingBuffer*)
                0x00081ac4                UARTClass::UARTClass(Uart*, IRQn, unsigned long, RingBuffer*, RingBuffer*)
 .text._ZN9UARTClass4initEmm
                0x00081ae8       0x70 C:\Users\Bryce\AppData\Local\Temp\VMBuilds\MTRN4110_PhaseA\arduino_due_x_dbg\Debug/core.a(UARTClass.cpp.o)
                0x00081ae8                UARTClass::init(unsigned long, unsigned long)
 .text._ZN9UARTClass5beginEm
                0x00081b58        0x8 C:\Users\Bryce\AppData\Local\Temp\VMBuilds\MTRN4110_PhaseA\arduino_due_x_dbg\Debug/core.a(UARTClass.cpp.o)
                0x00081b58                UARTClass::begin(unsigned long)
 .text._ZN9UARTClass10IrqHandlerEv
                0x00081b60       0x5a C:\Users\Bryce\AppData\Local\Temp\VMBuilds\MTRN4110_PhaseA\arduino_due_x_dbg\Debug/core.a(UARTClass.cpp.o)
                0x00081b60                UARTClass::IrqHandler()
 .text._ZN10USARTClass5beginEm
                0x00081bba        0x8 C:\Users\Bryce\AppData\Local\Temp\VMBuilds\MTRN4110_PhaseA\arduino_due_x_dbg\Debug/core.a(USARTClass.cpp.o)
                0x00081bba                USARTClass::begin(unsigned long)
 *fill*         0x00081bc2        0x2 
 .text._ZN10USARTClassC2EP5Usart4IRQnmP10RingBufferS4_
                0x00081bc4       0x24 C:\Users\Bryce\AppData\Local\Temp\VMBuilds\MTRN4110_PhaseA\arduino_due_x_dbg\Debug/core.a(USARTClass.cpp.o)
                0x00081bc4                USARTClass::USARTClass(Usart*, IRQn, unsigned long, RingBuffer*, RingBuffer*)
                0x00081bc4                USARTClass::USARTClass(Usart*, IRQn, unsigned long, RingBuffer*, RingBuffer*)
 .text._watchdogDefaultSetup
                0x00081be8        0xc C:\Users\Bryce\AppData\Local\Temp\VMBuilds\MTRN4110_PhaseA\arduino_due_x_dbg\Debug/core.a(watchdog.cpp.o)
                0x00081be8                _watchdogDefaultSetup
                0x00081be8                watchdogSetup()
 .text._ZN6StringD2Ev
                0x00081bf4        0xe C:\Users\Bryce\AppData\Local\Temp\VMBuilds\MTRN4110_PhaseA\arduino_due_x_dbg\Debug/core.a(WString.cpp.o)
                0x00081bf4                String::~String()
                0x00081bf4                String::~String()
 .text._ZN6String10invalidateEv
                0x00081c02       0x16 C:\Users\Bryce\AppData\Local\Temp\VMBuilds\MTRN4110_PhaseA\arduino_due_x_dbg\Debug/core.a(WString.cpp.o)
                0x00081c02                String::invalidate()
 .text._ZN6String12changeBufferEj
                0x00081c18       0x18 C:\Users\Bryce\AppData\Local\Temp\VMBuilds\MTRN4110_PhaseA\arduino_due_x_dbg\Debug/core.a(WString.cpp.o)
                0x00081c18                String::changeBuffer(unsigned int)
 .text._ZN6String7reserveEj
                0x00081c30       0x22 C:\Users\Bryce\AppData\Local\Temp\VMBuilds\MTRN4110_PhaseA\arduino_due_x_dbg\Debug/core.a(WString.cpp.o)
                0x00081c30                String::reserve(unsigned int)
 .text._ZN6String4copyEPKcj
                0x00081c52       0x26 C:\Users\Bryce\AppData\Local\Temp\VMBuilds\MTRN4110_PhaseA\arduino_due_x_dbg\Debug/core.a(WString.cpp.o)
                0x00081c52                String::copy(char const*, unsigned int)
 .text._ZN6StringC2EPKc
                0x00081c78       0x24 C:\Users\Bryce\AppData\Local\Temp\VMBuilds\MTRN4110_PhaseA\arduino_due_x_dbg\Debug/core.a(WString.cpp.o)
                0x00081c78                String::String(char const*)
                0x00081c78                String::String(char const*)
 .text._ZN6StringaSEPKc
                0x00081c9c       0x22 C:\Users\Bryce\AppData\Local\Temp\VMBuilds\MTRN4110_PhaseA\arduino_due_x_dbg\Debug/core.a(WString.cpp.o)
                0x00081c9c                String::operator=(char const*)
 *fill*         0x00081cbe        0x2 
 .text.unlikely._ZL11USB_SendZlpv
                0x00081cc0       0x20 C:\Users\Bryce\AppData\Local\Temp\VMBuilds\MTRN4110_PhaseA\arduino_due_x_dbg\Debug/core.a(USBCore.cpp.o)
 .text._Z14USBD_Availablem
                0x00081ce0       0x2c C:\Users\Bryce\AppData\Local\Temp\VMBuilds\MTRN4110_PhaseA\arduino_due_x_dbg\Debug/core.a(USBCore.cpp.o)
                0x00081ce0                USBD_Available(unsigned long)
 .text._Z9USBD_RecvmPvm
                0x00081d0c       0x7c C:\Users\Bryce\AppData\Local\Temp\VMBuilds\MTRN4110_PhaseA\arduino_due_x_dbg\Debug/core.a(USBCore.cpp.o)
                0x00081d0c                USBD_Recv(unsigned long, void*, unsigned long)
 .text._Z9USBD_Recvm
                0x00081d88       0x22 C:\Users\Bryce\AppData\Local\Temp\VMBuilds\MTRN4110_PhaseA\arduino_due_x_dbg\Debug/core.a(USBCore.cpp.o)
                0x00081d88                USBD_Recv(unsigned long)
 *fill*         0x00081daa        0x2 
 .text._Z9USBD_SendmPKvm
                0x00081dac       0x4c C:\Users\Bryce\AppData\Local\Temp\VMBuilds\MTRN4110_PhaseA\arduino_due_x_dbg\Debug/core.a(USBCore.cpp.o)
                0x00081dac                USBD_Send(unsigned long, void const*, unsigned long)
 .text._Z16USBD_SendControlhPKvm
                0x00081df8       0x40 C:\Users\Bryce\AppData\Local\Temp\VMBuilds\MTRN4110_PhaseA\arduino_due_x_dbg\Debug/core.a(USBCore.cpp.o)
                0x00081df8                USBD_SendControl(unsigned char, void const*, unsigned long)
 .text.unlikely._ZL24USB_SendStringDescriptorPKhi
                0x00081e38       0x64 C:\Users\Bryce\AppData\Local\Temp\VMBuilds\MTRN4110_PhaseA\arduino_due_x_dbg\Debug/core.a(USBCore.cpp.o)
 .text._Z16USBD_RecvControlPvm
                0x00081e9c       0x1c C:\Users\Bryce\AppData\Local\Temp\VMBuilds\MTRN4110_PhaseA\arduino_due_x_dbg\Debug/core.a(USBCore.cpp.o)
                0x00081e9c                USBD_RecvControl(void*, unsigned long)
 .text._Z26USBD_ClassInterfaceRequestR8USBSetup
                0x00081eb8       0x1e C:\Users\Bryce\AppData\Local\Temp\VMBuilds\MTRN4110_PhaseA\arduino_due_x_dbg\Debug/core.a(USBCore.cpp.o)
                0x00081eb8                USBD_ClassInterfaceRequest(USBSetup&)
 .text._Z19USBD_SendInterfacesv
                0x00081ed6       0x22 C:\Users\Bryce\AppData\Local\Temp\VMBuilds\MTRN4110_PhaseA\arduino_due_x_dbg\Debug/core.a(USBCore.cpp.o)
                0x00081ed6                USBD_SendInterfaces()
 .text._Z24USBD_SendOtherInterfacesv
                0x00081ef8       0x22 C:\Users\Bryce\AppData\Local\Temp\VMBuilds\MTRN4110_PhaseA\arduino_due_x_dbg\Debug/core.a(USBCore.cpp.o)
                0x00081ef8                USBD_SendOtherInterfaces()
 .text._Z10USBD_Flushm
                0x00081f1a       0x16 C:\Users\Bryce\AppData\Local\Temp\VMBuilds\MTRN4110_PhaseA\arduino_due_x_dbg\Debug/core.a(USBCore.cpp.o)
                0x00081f1a                USBD_Flush(unsigned long)
 .text._ZN10USBDevice_C2Ev
                0x00081f30       0x24 C:\Users\Bryce\AppData\Local\Temp\VMBuilds\MTRN4110_PhaseA\arduino_due_x_dbg\Debug/core.a(USBCore.cpp.o)
                0x00081f30                USBDevice_::USBDevice_()
                0x00081f30                USBDevice_::USBDevice_()
 .text._ZN10USBDevice_6attachEv
                0x00081f54       0x20 C:\Users\Bryce\AppData\Local\Temp\VMBuilds\MTRN4110_PhaseA\arduino_due_x_dbg\Debug/core.a(USBCore.cpp.o)
                0x00081f54                USBDevice_::attach()
 .text.startup._GLOBAL__sub_I_EndPoints
                0x00081f74        0xc C:\Users\Bryce\AppData\Local\Temp\VMBuilds\MTRN4110_PhaseA\arduino_due_x_dbg\Debug/core.a(USBCore.cpp.o)
 .text._ZL7USB_ISRv
                0x00081f80      0x454 C:\Users\Bryce\AppData\Local\Temp\VMBuilds\MTRN4110_PhaseA\arduino_due_x_dbg\Debug/core.a(USBCore.cpp.o)
 .text._ZN7Serial_9availableEv
                0x000823d4       0x18 C:\Users\Bryce\AppData\Local\Temp\VMBuilds\MTRN4110_PhaseA\arduino_due_x_dbg\Debug/core.a(CDC.cpp.o)
                0x000823d4                Serial_::available()
 .text._ZN7Serial_17availableForWriteEv
                0x000823ec        0x6 C:\Users\Bryce\AppData\Local\Temp\VMBuilds\MTRN4110_PhaseA\arduino_due_x_dbg\Debug/core.a(CDC.cpp.o)
                0x000823ec                Serial_::availableForWrite()
 *fill*         0x000823f2        0x2 
 .text._ZN7Serial_4peekEv
                0x000823f4       0x20 C:\Users\Bryce\AppData\Local\Temp\VMBuilds\MTRN4110_PhaseA\arduino_due_x_dbg\Debug/core.a(CDC.cpp.o)
                0x000823f4                Serial_::peek()
 .text._ZN7Serial_5writeEh
                0x00082414       0x16 C:\Users\Bryce\AppData\Local\Temp\VMBuilds\MTRN4110_PhaseA\arduino_due_x_dbg\Debug/core.a(CDC.cpp.o)
                0x00082414                Serial_::write(unsigned char)
 *fill*         0x0008242a        0x2 
 .text._ZN7Serial_4readEv
                0x0008242c       0x44 C:\Users\Bryce\AppData\Local\Temp\VMBuilds\MTRN4110_PhaseA\arduino_due_x_dbg\Debug/core.a(CDC.cpp.o)
                0x0008242c                Serial_::read()
 .text._ZN7Serial_5flushEv
                0x00082470        0x6 C:\Users\Bryce\AppData\Local\Temp\VMBuilds\MTRN4110_PhaseA\arduino_due_x_dbg\Debug/core.a(CDC.cpp.o)
                0x00082470                Serial_::flush()
 *fill*         0x00082476        0x2 
 .text._ZN7Serial_6acceptEv
                0x00082478       0x70 C:\Users\Bryce\AppData\Local\Temp\VMBuilds\MTRN4110_PhaseA\arduino_due_x_dbg\Debug/core.a(CDC.cpp.o)
                0x00082478                Serial_::accept()
 .text._ZN7Serial_5writeEPKhj
                0x000824e8       0x2c C:\Users\Bryce\AppData\Local\Temp\VMBuilds\MTRN4110_PhaseA\arduino_due_x_dbg\Debug/core.a(CDC.cpp.o)
                0x000824e8                Serial_::write(unsigned char const*, unsigned int)
 .text._Z16CDC_GetInterfacePh
                0x00082514       0x14 C:\Users\Bryce\AppData\Local\Temp\VMBuilds\MTRN4110_PhaseA\arduino_due_x_dbg\Debug/core.a(CDC.cpp.o)
                0x00082514                CDC_GetInterface(unsigned char*)
 .text._Z21CDC_GetOtherInterfacePh
                0x00082528       0x14 C:\Users\Bryce\AppData\Local\Temp\VMBuilds\MTRN4110_PhaseA\arduino_due_x_dbg\Debug/core.a(CDC.cpp.o)
                0x00082528                CDC_GetOtherInterface(unsigned char*)
 .text._Z9CDC_SetupR8USBSetup
                0x0008253c       0x78 C:\Users\Bryce\AppData\Local\Temp\VMBuilds\MTRN4110_PhaseA\arduino_due_x_dbg\Debug/core.a(CDC.cpp.o)
                0x0008253c                CDC_Setup(USBSetup&)
 .text.startup._GLOBAL__sub_I_cdc_rx_buffer
                0x000825b4       0x1c C:\Users\Bryce\AppData\Local\Temp\VMBuilds\MTRN4110_PhaseA\arduino_due_x_dbg\Debug/core.a(CDC.cpp.o)
 .text._ZN13PluggableUSB_12getInterfaceEPh
                0x000825d0       0x28 C:\Users\Bryce\AppData\Local\Temp\VMBuilds\MTRN4110_PhaseA\arduino_due_x_dbg\Debug/core.a(PluggableUSB.cpp.o)
                0x000825d0                PluggableUSB_::getInterface(unsigned char*)
 .text._ZN13PluggableUSB_13getDescriptorER8USBSetup
                0x000825f8       0x1c C:\Users\Bryce\AppData\Local\Temp\VMBuilds\MTRN4110_PhaseA\arduino_due_x_dbg\Debug/core.a(PluggableUSB.cpp.o)
                0x000825f8                PluggableUSB_::getDescriptor(USBSetup&)
 .text._ZN13PluggableUSB_12getShortNameEPc
                0x00082614       0x1c C:\Users\Bryce\AppData\Local\Temp\VMBuilds\MTRN4110_PhaseA\arduino_due_x_dbg\Debug/core.a(PluggableUSB.cpp.o)
                0x00082614                PluggableUSB_::getShortName(char*)
 .text._ZN13PluggableUSB_5setupER8USBSetup
                0x00082630       0x20 C:\Users\Bryce\AppData\Local\Temp\VMBuilds\MTRN4110_PhaseA\arduino_due_x_dbg\Debug/core.a(PluggableUSB.cpp.o)
                0x00082630                PluggableUSB_::setup(USBSetup&)
 .text._Z12PluggableUSBv
                0x00082650       0x28 C:\Users\Bryce\AppData\Local\Temp\VMBuilds\MTRN4110_PhaseA\arduino_due_x_dbg\Debug/core.a(PluggableUSB.cpp.o)
                0x00082650                PluggableUSB()
 .text.TimeTick_Increment
                0x00082678       0x10 C:\Users\Bryce\AppData\Local\arduino15\packages\arduino\hardware\sam\1.6.11\variants\arduino_due_x/libsam_sam3x8e_gcc_rel.a(timetick.o)
                0x00082678                TimeTick_Increment
 .text.GetTickCount
                0x00082688        0xc C:\Users\Bryce\AppData\Local\arduino15\packages\arduino\hardware\sam\1.6.11\variants\arduino_due_x/libsam_sam3x8e_gcc_rel.a(timetick.o)
                0x00082688                GetTickCount
 .text.WDT_Disable
                0x00082694        0x8 C:\Users\Bryce\AppData\Local\arduino15\packages\arduino\hardware\sam\1.6.11\variants\arduino_due_x/libsam_sam3x8e_gcc_rel.a(wdt.o)
                0x00082694                WDT_Disable
 .text.UDD_SetStack
                0x0008269c        0xc C:\Users\Bryce\AppData\Local\arduino15\packages\arduino\hardware\sam\1.6.11\variants\arduino_due_x/libsam_sam3x8e_gcc_rel.a(uotghs_device.o)
                0x0008269c                UDD_SetStack
 .text.UDD_Init
                0x000826a8       0xd0 C:\Users\Bryce\AppData\Local\arduino15\packages\arduino\hardware\sam\1.6.11\variants\arduino_due_x/libsam_sam3x8e_gcc_rel.a(uotghs_device.o)
                0x000826a8                UDD_Init
 .text.UDD_Attach
                0x00082778       0x50 C:\Users\Bryce\AppData\Local\arduino15\packages\arduino\hardware\sam\1.6.11\variants\arduino_due_x/libsam_sam3x8e_gcc_rel.a(uotghs_device.o)
                0x00082778                UDD_Attach
 .text.UDD_InitEP
                0x000827c8       0x2c C:\Users\Bryce\AppData\Local\arduino15\packages\arduino\hardware\sam\1.6.11\variants\arduino_due_x/libsam_sam3x8e_gcc_rel.a(uotghs_device.o)
                0x000827c8                UDD_InitEP
 .text.UDD_InitEndpoints
                0x000827f4       0x3c C:\Users\Bryce\AppData\Local\arduino15\packages\arduino\hardware\sam\1.6.11\variants\arduino_due_x/libsam_sam3x8e_gcc_rel.a(uotghs_device.o)
                0x000827f4                UDD_InitEndpoints
 .text.UDD_WaitIN
                0x00082830       0x10 C:\Users\Bryce\AppData\Local\arduino15\packages\arduino\hardware\sam\1.6.11\variants\arduino_due_x/libsam_sam3x8e_gcc_rel.a(uotghs_device.o)
                0x00082830                UDD_WaitIN
 .text.UDD_WaitOUT
                0x00082840       0x10 C:\Users\Bryce\AppData\Local\arduino15\packages\arduino\hardware\sam\1.6.11\variants\arduino_due_x/libsam_sam3x8e_gcc_rel.a(uotghs_device.o)
                0x00082840                UDD_WaitOUT
 .text.UDD_ClearIN
                0x00082850       0x18 C:\Users\Bryce\AppData\Local\arduino15\packages\arduino\hardware\sam\1.6.11\variants\arduino_due_x/libsam_sam3x8e_gcc_rel.a(uotghs_device.o)
                0x00082850                UDD_ClearIN
 .text.UDD_ClearOUT
                0x00082868       0x18 C:\Users\Bryce\AppData\Local\arduino15\packages\arduino\hardware\sam\1.6.11\variants\arduino_due_x/libsam_sam3x8e_gcc_rel.a(uotghs_device.o)
                0x00082868                UDD_ClearOUT
 .text.UDD_ReceivedSetupInt
                0x00082880       0x10 C:\Users\Bryce\AppData\Local\arduino15\packages\arduino\hardware\sam\1.6.11\variants\arduino_due_x/libsam_sam3x8e_gcc_rel.a(uotghs_device.o)
                0x00082880                UDD_ReceivedSetupInt
 .text.UDD_ClearSetupInt
                0x00082890       0x10 C:\Users\Bryce\AppData\Local\arduino15\packages\arduino\hardware\sam\1.6.11\variants\arduino_due_x/libsam_sam3x8e_gcc_rel.a(uotghs_device.o)
                0x00082890                UDD_ClearSetupInt
 .text.UDD_Send
                0x000828a0       0x88 C:\Users\Bryce\AppData\Local\arduino15\packages\arduino\hardware\sam\1.6.11\variants\arduino_due_x/libsam_sam3x8e_gcc_rel.a(uotghs_device.o)
                0x000828a0                UDD_Send
 .text.UDD_Send8
                0x00082928       0x24 C:\Users\Bryce\AppData\Local\arduino15\packages\arduino\hardware\sam\1.6.11\variants\arduino_due_x/libsam_sam3x8e_gcc_rel.a(uotghs_device.o)
                0x00082928                UDD_Send8
 .text.UDD_Recv8
                0x0008294c       0x28 C:\Users\Bryce\AppData\Local\arduino15\packages\arduino\hardware\sam\1.6.11\variants\arduino_due_x/libsam_sam3x8e_gcc_rel.a(uotghs_device.o)
                0x0008294c                UDD_Recv8
 .text.UDD_Recv
                0x00082974       0x34 C:\Users\Bryce\AppData\Local\arduino15\packages\arduino\hardware\sam\1.6.11\variants\arduino_due_x/libsam_sam3x8e_gcc_rel.a(uotghs_device.o)
                0x00082974                UDD_Recv
 .text.UDD_Stall
                0x000829a8       0x14 C:\Users\Bryce\AppData\Local\arduino15\packages\arduino\hardware\sam\1.6.11\variants\arduino_due_x/libsam_sam3x8e_gcc_rel.a(uotghs_device.o)
                0x000829a8                UDD_Stall
 .text.UDD_FifoByteCount
                0x000829bc       0x14 C:\Users\Bryce\AppData\Local\arduino15\packages\arduino\hardware\sam\1.6.11\variants\arduino_due_x/libsam_sam3x8e_gcc_rel.a(uotghs_device.o)
                0x000829bc                UDD_FifoByteCount
 .text.UDD_ReleaseRX
                0x000829d0       0x28 C:\Users\Bryce\AppData\Local\arduino15\packages\arduino\hardware\sam\1.6.11\variants\arduino_due_x/libsam_sam3x8e_gcc_rel.a(uotghs_device.o)
                0x000829d0                UDD_ReleaseRX
 .text.UDD_ReleaseTX
                0x000829f8       0x28 C:\Users\Bryce\AppData\Local\arduino15\packages\arduino\hardware\sam\1.6.11\variants\arduino_due_x/libsam_sam3x8e_gcc_rel.a(uotghs_device.o)
                0x000829f8                UDD_ReleaseTX
 .text.UDD_SetAddress
                0x00082a20       0x20 C:\Users\Bryce\AppData\Local\arduino15\packages\arduino\hardware\sam\1.6.11\variants\arduino_due_x/libsam_sam3x8e_gcc_rel.a(uotghs_device.o)
                0x00082a20                UDD_SetAddress
 .text.__aeabi_atexit
                0x00082a40        0xc c:/users/bryce/appdata/local/arduino15/packages/arduino/tools/arm-none-eabi-gcc/4.8.3-2014q1/bin/../lib/gcc/arm-none-eabi/4.8.3/../../../../arm-none-eabi/lib/armv7-m\libg.a(lib_a-aeabi_atexit.o)
                0x00082a40                __aeabi_atexit
 .text.__assert_func
                0x00082a4c       0x3c c:/users/bryce/appdata/local/arduino15/packages/arduino/tools/arm-none-eabi-gcc/4.8.3-2014q1/bin/../lib/gcc/arm-none-eabi/4.8.3/../../../../arm-none-eabi/lib/armv7-m\libg.a(lib_a-assert.o)
                0x00082a4c                __assert_func
 .text.__cxa_atexit
                0x00082a88       0x14 c:/users/bryce/appdata/local/arduino15/packages/arduino/tools/arm-none-eabi-gcc/4.8.3-2014q1/bin/../lib/gcc/arm-none-eabi/4.8.3/../../../../arm-none-eabi/lib/armv7-m\libg.a(lib_a-cxa_atexit.o)
                0x00082a88                __cxa_atexit
 .text.fiprintf
                0x00082a9c       0x28 c:/users/bryce/appdata/local/arduino15/packages/arduino/tools/arm-none-eabi-gcc/4.8.3-2014q1/bin/../lib/gcc/arm-none-eabi/4.8.3/../../../../arm-none-eabi/lib/armv7-m\libg.a(lib_a-fiprintf.o)
                0x00082a9c                fiprintf
 .text.__libc_init_array
                0x00082ac4       0x50 c:/users/bryce/appdata/local/arduino15/packages/arduino/tools/arm-none-eabi-gcc/4.8.3-2014q1/bin/../lib/gcc/arm-none-eabi/4.8.3/../../../../arm-none-eabi/lib/armv7-m\libg.a(lib_a-init.o)
                0x00082ac4                __libc_init_array
 .text.iprintf  0x00082b14       0x28 c:/users/bryce/appdata/local/arduino15/packages/arduino/tools/arm-none-eabi-gcc/4.8.3-2014q1/bin/../lib/gcc/arm-none-eabi/4.8.3/../../../../arm-none-eabi/lib/armv7-m\libg.a(lib_a-iprintf.o)
                0x00082b14                iprintf
 .text.malloc   0x00082b3c       0x10 c:/users/bryce/appdata/local/arduino15/packages/arduino/tools/arm-none-eabi-gcc/4.8.3-2014q1/bin/../lib/gcc/arm-none-eabi/4.8.3/../../../../arm-none-eabi/lib/armv7-m\libg.a(lib_a-malloc.o)
                0x00082b3c                malloc
 .text.free     0x00082b4c       0x10 c:/users/bryce/appdata/local/arduino15/packages/arduino/tools/arm-none-eabi-gcc/4.8.3-2014q1/bin/../lib/gcc/arm-none-eabi/4.8.3/../../../../arm-none-eabi/lib/armv7-m\libg.a(lib_a-malloc.o)
                0x00082b4c                free
 .text._malloc_r
                0x00082b5c      0x538 c:/users/bryce/appdata/local/arduino15/packages/arduino/tools/arm-none-eabi-gcc/4.8.3-2014q1/bin/../lib/gcc/arm-none-eabi/4.8.3/../../../../arm-none-eabi/lib/armv7-m\libg.a(lib_a-mallocr.o)
                0x00082b5c                _malloc_r
 .text          0x00083094       0xec c:/users/bryce/appdata/local/arduino15/packages/arduino/tools/arm-none-eabi-gcc/4.8.3-2014q1/bin/../lib/gcc/arm-none-eabi/4.8.3/../../../../arm-none-eabi/lib/armv7-m\libg.a(lib_a-memcpy.o)
                0x00083094                memcpy
 .text.memmove  0x00083180       0xcc c:/users/bryce/appdata/local/arduino15/packages/arduino/tools/arm-none-eabi-gcc/4.8.3-2014q1/bin/../lib/gcc/arm-none-eabi/4.8.3/../../../../arm-none-eabi/lib/armv7-m\libg.a(lib_a-memmove.o)
                0x00083180                memmove
 .text.memset   0x0008324c       0x94 c:/users/bryce/appdata/local/arduino15/packages/arduino/tools/arm-none-eabi-gcc/4.8.3-2014q1/bin/../lib/gcc/arm-none-eabi/4.8.3/../../../../arm-none-eabi/lib/armv7-m\libg.a(lib_a-memset.o)
                0x0008324c                memset
 .text.__malloc_lock
                0x000832e0        0x4 c:/users/bryce/appdata/local/arduino15/packages/arduino/tools/arm-none-eabi-gcc/4.8.3-2014q1/bin/../lib/gcc/arm-none-eabi/4.8.3/../../../../arm-none-eabi/lib/armv7-m\libg.a(lib_a-mlock.o)
                0x000832e0                __malloc_lock
 .text.__malloc_unlock
                0x000832e4        0x4 c:/users/bryce/appdata/local/arduino15/packages/arduino/tools/arm-none-eabi-gcc/4.8.3-2014q1/bin/../lib/gcc/arm-none-eabi/4.8.3/../../../../arm-none-eabi/lib/armv7-m\libg.a(lib_a-mlock.o)
                0x000832e4                __malloc_unlock
 .text.realloc  0x000832e8       0x10 c:/users/bryce/appdata/local/arduino15/packages/arduino/tools/arm-none-eabi-gcc/4.8.3-2014q1/bin/../lib/gcc/arm-none-eabi/4.8.3/../../../../arm-none-eabi/lib/armv7-m\libg.a(lib_a-realloc.o)
                0x000832e8                realloc
 .text._realloc_r
                0x000832f8      0x3c0 c:/users/bryce/appdata/local/arduino15/packages/arduino/tools/arm-none-eabi-gcc/4.8.3-2014q1/bin/../lib/gcc/arm-none-eabi/4.8.3/../../../../arm-none-eabi/lib/armv7-m\libg.a(lib_a-reallocr.o)
                0x000832f8                _realloc_r
 .text._sbrk_r  0x000836b8       0x24 c:/users/bryce/appdata/local/arduino15/packages/arduino/tools/arm-none-eabi-gcc/4.8.3-2014q1/bin/../lib/gcc/arm-none-eabi/4.8.3/../../../../arm-none-eabi/lib/armv7-m\libg.a(lib_a-sbrkr.o)
                0x000836b8                _sbrk_r
 .text.strcpy   0x000836dc       0xbc c:/users/bryce/appdata/local/arduino15/packages/arduino/tools/arm-none-eabi-gcc/4.8.3-2014q1/bin/../lib/gcc/arm-none-eabi/4.8.3/../../../../arm-none-eabi/lib/armv7-m\libg.a(lib_a-strcpy.o)
                0x000836dc                strcpy
 .text.strlen   0x00083798       0x60 c:/users/bryce/appdata/local/arduino15/packages/arduino/tools/arm-none-eabi-gcc/4.8.3-2014q1/bin/../lib/gcc/arm-none-eabi/4.8.3/../../../../arm-none-eabi/lib/armv7-m\libg.a(lib_a-strlen.o)
                0x00083798                strlen
 .text.kill     0x000837f8       0x10 c:/users/bryce/appdata/local/arduino15/packages/arduino/tools/arm-none-eabi-gcc/4.8.3-2014q1/bin/../lib/gcc/arm-none-eabi/4.8.3/../../../../arm-none-eabi/lib/armv7-m\libg.a(lib_a-syskill.o)
                0x000837f8                kill
 .text.__sprint_r.part.0
                0x00083808       0x78 c:/users/bryce/appdata/local/arduino15/packages/arduino/tools/arm-none-eabi-gcc/4.8.3-2014q1/bin/../lib/gcc/arm-none-eabi/4.8.3/../../../../arm-none-eabi/lib/armv7-m\libg.a(lib_a-vfiprintf.o)
 .text._vfiprintf_r
                0x00083880      0xc54 c:/users/bryce/appdata/local/arduino15/packages/arduino/tools/arm-none-eabi-gcc/4.8.3-2014q1/bin/../lib/gcc/arm-none-eabi/4.8.3/../../../../arm-none-eabi/lib/armv7-m\libg.a(lib_a-vfiprintf.o)
                0x00083880                _vfiprintf_r
 .text.__sbprintf
                0x000844d4       0x7c c:/users/bryce/appdata/local/arduino15/packages/arduino/tools/arm-none-eabi-gcc/4.8.3-2014q1/bin/../lib/gcc/arm-none-eabi/4.8.3/../../../../arm-none-eabi/lib/armv7-m\libg.a(lib_a-vfiprintf.o)
 .text.__swsetup_r
                0x00084550       0xc4 c:/users/bryce/appdata/local/arduino15/packages/arduino/tools/arm-none-eabi-gcc/4.8.3-2014q1/bin/../lib/gcc/arm-none-eabi/4.8.3/../../../../arm-none-eabi/lib/armv7-m\libg.a(lib_a-wsetup.o)
                0x00084550                __swsetup_r
 .text.__register_exitproc
                0x00084614       0xa8 c:/users/bryce/appdata/local/arduino15/packages/arduino/tools/arm-none-eabi-gcc/4.8.3-2014q1/bin/../lib/gcc/arm-none-eabi/4.8.3/../../../../arm-none-eabi/lib/armv7-m\libg.a(lib_a-__atexit.o)
                0x00084614                __register_exitproc
 .text.startup.register_fini
                0x000846bc       0x14 c:/users/bryce/appdata/local/arduino15/packages/arduino/tools/arm-none-eabi-gcc/4.8.3-2014q1/bin/../lib/gcc/arm-none-eabi/4.8.3/../../../../arm-none-eabi/lib/armv7-m\libg.a(lib_a-__call_atexit.o)
 .text.abort    0x000846d0       0x10 c:/users/bryce/appdata/local/arduino15/packages/arduino/tools/arm-none-eabi-gcc/4.8.3-2014q1/bin/../lib/gcc/arm-none-eabi/4.8.3/../../../../arm-none-eabi/lib/armv7-m\libg.a(lib_a-abort.o)
                0x000846d0                abort
 .text.atexit   0x000846e0        0xc c:/users/bryce/appdata/local/arduino15/packages/arduino/tools/arm-none-eabi-gcc/4.8.3-2014q1/bin/../lib/gcc/arm-none-eabi/4.8.3/../../../../arm-none-eabi/lib/armv7-m\libg.a(lib_a-atexit.o)
                0x000846e0                atexit
 .text.__sflush_r
                0x000846ec      0x148 c:/users/bryce/appdata/local/arduino15/packages/arduino/tools/arm-none-eabi-gcc/4.8.3-2014q1/bin/../lib/gcc/arm-none-eabi/4.8.3/../../../../arm-none-eabi/lib/armv7-m\libg.a(lib_a-fflush.o)
                0x000846ec                __sflush_r
 .text._fflush_r
                0x00084834       0x2c c:/users/bryce/appdata/local/arduino15/packages/arduino/tools/arm-none-eabi-gcc/4.8.3-2014q1/bin/../lib/gcc/arm-none-eabi/4.8.3/../../../../arm-none-eabi/lib/armv7-m\libg.a(lib_a-fflush.o)
                0x00084834                _fflush_r
 .text._cleanup_r
                0x00084860        0xc c:/users/bryce/appdata/local/arduino15/packages/arduino/tools/arm-none-eabi-gcc/4.8.3-2014q1/bin/../lib/gcc/arm-none-eabi/4.8.3/../../../../arm-none-eabi/lib/armv7-m\libg.a(lib_a-findfp.o)
                0x00084860                _cleanup_r
 .text.__sinit  0x0008486c       0xf4 c:/users/bryce/appdata/local/arduino15/packages/arduino/tools/arm-none-eabi-gcc/4.8.3-2014q1/bin/../lib/gcc/arm-none-eabi/4.8.3/../../../../arm-none-eabi/lib/armv7-m\libg.a(lib_a-findfp.o)
                0x0008486c                __sinit
 .text.__sfp_lock_acquire
                0x00084960        0x4 c:/users/bryce/appdata/local/arduino15/packages/arduino/tools/arm-none-eabi-gcc/4.8.3-2014q1/bin/../lib/gcc/arm-none-eabi/4.8.3/../../../../arm-none-eabi/lib/armv7-m\libg.a(lib_a-findfp.o)
                0x00084960                __sfp_lock_acquire
 .text.__sfp_lock_release
                0x00084964        0x4 c:/users/bryce/appdata/local/arduino15/packages/arduino/tools/arm-none-eabi-gcc/4.8.3-2014q1/bin/../lib/gcc/arm-none-eabi/4.8.3/../../../../arm-none-eabi/lib/armv7-m\libg.a(lib_a-findfp.o)
                0x00084964                __sfp_lock_release
 .text.__libc_fini_array
                0x00084968       0x30 c:/users/bryce/appdata/local/arduino15/packages/arduino/tools/arm-none-eabi-gcc/4.8.3-2014q1/bin/../lib/gcc/arm-none-eabi/4.8.3/../../../../arm-none-eabi/lib/armv7-m\libg.a(lib_a-fini.o)
                0x00084968                __libc_fini_array
 .text._fputwc_r
                0x00084998       0xc0 c:/users/bryce/appdata/local/arduino15/packages/arduino/tools/arm-none-eabi-gcc/4.8.3-2014q1/bin/../lib/gcc/arm-none-eabi/4.8.3/../../../../arm-none-eabi/lib/armv7-m\libg.a(lib_a-fputwc.o)
                0x00084998                _fputwc_r
 .text._malloc_trim_r
                0x00084a58       0x9c c:/users/bryce/appdata/local/arduino15/packages/arduino/tools/arm-none-eabi-gcc/4.8.3-2014q1/bin/../lib/gcc/arm-none-eabi/4.8.3/../../../../arm-none-eabi/lib/armv7-m\libg.a(lib_a-freer.o)
                0x00084a58                _malloc_trim_r
 .text._free_r  0x00084af4      0x198 c:/users/bryce/appdata/local/arduino15/packages/arduino/tools/arm-none-eabi-gcc/4.8.3-2014q1/bin/../lib/gcc/arm-none-eabi/4.8.3/../../../../arm-none-eabi/lib/armv7-m\libg.a(lib_a-freer.o)
                0x00084af4                _free_r
 .text.__sfvwrite_r
                0x00084c8c      0x314 c:/users/bryce/appdata/local/arduino15/packages/arduino/tools/arm-none-eabi-gcc/4.8.3-2014q1/bin/../lib/gcc/arm-none-eabi/4.8.3/../../../../arm-none-eabi/lib/armv7-m\libg.a(lib_a-fvwrite.o)
                0x00084c8c                __sfvwrite_r
 .text._fwalk   0x00084fa0       0x48 c:/users/bryce/appdata/local/arduino15/packages/arduino/tools/arm-none-eabi-gcc/4.8.3-2014q1/bin/../lib/gcc/arm-none-eabi/4.8.3/../../../../arm-none-eabi/lib/armv7-m\libg.a(lib_a-fwalk.o)
                0x00084fa0                _fwalk
 .text.__locale_charset
                0x00084fe8        0x8 c:/users/bryce/appdata/local/arduino15/packages/arduino/tools/arm-none-eabi-gcc/4.8.3-2014q1/bin/../lib/gcc/arm-none-eabi/4.8.3/../../../../arm-none-eabi/lib/armv7-m\libg.a(lib_a-locale.o)
                0x00084fe8                __locale_charset
 .text.__locale_mb_cur_max
                0x00084ff0        0xc c:/users/bryce/appdata/local/arduino15/packages/arduino/tools/arm-none-eabi-gcc/4.8.3-2014q1/bin/../lib/gcc/arm-none-eabi/4.8.3/../../../../arm-none-eabi/lib/armv7-m\libg.a(lib_a-locale.o)
                0x00084ff0                __locale_mb_cur_max
 .text.__smakebuf_r
                0x00084ffc       0xe0 c:/users/bryce/appdata/local/arduino15/packages/arduino/tools/arm-none-eabi-gcc/4.8.3-2014q1/bin/../lib/gcc/arm-none-eabi/4.8.3/../../../../arm-none-eabi/lib/armv7-m\libg.a(lib_a-makebuf.o)
                0x00084ffc                __smakebuf_r
 .text.memchr   0x000850dc       0x94 c:/users/bryce/appdata/local/arduino15/packages/arduino/tools/arm-none-eabi-gcc/4.8.3-2014q1/bin/../lib/gcc/arm-none-eabi/4.8.3/../../../../arm-none-eabi/lib/armv7-m\libg.a(lib_a-memchr-stub.o)
                0x000850dc                memchr
 .text._raise_r
                0x00085170       0x58 c:/users/bryce/appdata/local/arduino15/packages/arduino/tools/arm-none-eabi-gcc/4.8.3-2014q1/bin/../lib/gcc/arm-none-eabi/4.8.3/../../../../arm-none-eabi/lib/armv7-m\libg.a(lib_a-signal.o)
                0x00085170                _raise_r
 .text.raise    0x000851c8       0x10 c:/users/bryce/appdata/local/arduino15/packages/arduino/tools/arm-none-eabi-gcc/4.8.3-2014q1/bin/../lib/gcc/arm-none-eabi/4.8.3/../../../../arm-none-eabi/lib/armv7-m\libg.a(lib_a-signal.o)
                0x000851c8                raise
 .text._kill_r  0x000851d8       0x28 c:/users/bryce/appdata/local/arduino15/packages/arduino/tools/arm-none-eabi-gcc/4.8.3-2014q1/bin/../lib/gcc/arm-none-eabi/4.8.3/../../../../arm-none-eabi/lib/armv7-m\libg.a(lib_a-signalr.o)
                0x000851d8                _kill_r
 .text._getpid_r
                0x00085200        0x4 c:/users/bryce/appdata/local/arduino15/packages/arduino/tools/arm-none-eabi-gcc/4.8.3-2014q1/bin/../lib/gcc/arm-none-eabi/4.8.3/../../../../arm-none-eabi/lib/armv7-m\libg.a(lib_a-signalr.o)
                0x00085200                _getpid_r
 .text.__sread  0x00085204       0x24 c:/users/bryce/appdata/local/arduino15/packages/arduino/tools/arm-none-eabi-gcc/4.8.3-2014q1/bin/../lib/gcc/arm-none-eabi/4.8.3/../../../../arm-none-eabi/lib/armv7-m\libg.a(lib_a-stdio.o)
                0x00085204                __sread
 .text.__swrite
                0x00085228       0x38 c:/users/bryce/appdata/local/arduino15/packages/arduino/tools/arm-none-eabi-gcc/4.8.3-2014q1/bin/../lib/gcc/arm-none-eabi/4.8.3/../../../../arm-none-eabi/lib/armv7-m\libg.a(lib_a-stdio.o)
                0x00085228                __swrite
 .text.__sseek  0x00085260       0x20 c:/users/bryce/appdata/local/arduino15/packages/arduino/tools/arm-none-eabi-gcc/4.8.3-2014q1/bin/../lib/gcc/arm-none-eabi/4.8.3/../../../../arm-none-eabi/lib/armv7-m\libg.a(lib_a-stdio.o)
                0x00085260                __sseek
 .text.__sclose
                0x00085280        0x8 c:/users/bryce/appdata/local/arduino15/packages/arduino/tools/arm-none-eabi-gcc/4.8.3-2014q1/bin/../lib/gcc/arm-none-eabi/4.8.3/../../../../arm-none-eabi/lib/armv7-m\libg.a(lib_a-stdio.o)
                0x00085280                __sclose
 .text.__swbuf_r
                0x00085288       0xa8 c:/users/bryce/appdata/local/arduino15/packages/arduino/tools/arm-none-eabi-gcc/4.8.3-2014q1/bin/../lib/gcc/arm-none-eabi/4.8.3/../../../../arm-none-eabi/lib/armv7-m\libg.a(lib_a-wbuf.o)
                0x00085288                __swbuf_r
 .text._wcrtomb_r
                0x00085330       0x50 c:/users/bryce/appdata/local/arduino15/packages/arduino/tools/arm-none-eabi-gcc/4.8.3-2014q1/bin/../lib/gcc/arm-none-eabi/4.8.3/../../../../arm-none-eabi/lib/armv7-m\libg.a(lib_a-wcrtomb.o)
                0x00085330                _wcrtomb_r
 .text.__ascii_wctomb
                0x00085380       0x1c c:/users/bryce/appdata/local/arduino15/packages/arduino/tools/arm-none-eabi-gcc/4.8.3-2014q1/bin/../lib/gcc/arm-none-eabi/4.8.3/../../../../arm-none-eabi/lib/armv7-m\libg.a(lib_a-wctomb_r.o)
                0x00085380                __ascii_wctomb
 .text._write_r
                0x0008539c       0x28 c:/users/bryce/appdata/local/arduino15/packages/arduino/tools/arm-none-eabi-gcc/4.8.3-2014q1/bin/../lib/gcc/arm-none-eabi/4.8.3/../../../../arm-none-eabi/lib/armv7-m\libg.a(lib_a-writer.o)
                0x0008539c                _write_r
 .text._close_r
                0x000853c4       0x24 c:/users/bryce/appdata/local/arduino15/packages/arduino/tools/arm-none-eabi-gcc/4.8.3-2014q1/bin/../lib/gcc/arm-none-eabi/4.8.3/../../../../arm-none-eabi/lib/armv7-m\libg.a(lib_a-closer.o)
                0x000853c4                _close_r
 .text._fclose_r
                0x000853e8       0x80 c:/users/bryce/appdata/local/arduino15/packages/arduino/tools/arm-none-eabi-gcc/4.8.3-2014q1/bin/../lib/gcc/arm-none-eabi/4.8.3/../../../../arm-none-eabi/lib/armv7-m\libg.a(lib_a-fclose.o)
                0x000853e8                _fclose_r
 .text.fclose   0x00085468       0x10 c:/users/bryce/appdata/local/arduino15/packages/arduino/tools/arm-none-eabi-gcc/4.8.3-2014q1/bin/../lib/gcc/arm-none-eabi/4.8.3/../../../../arm-none-eabi/lib/armv7-m\libg.a(lib_a-fclose.o)
                0x00085468                fclose
 .text._fstat_r
                0x00085478       0x28 c:/users/bryce/appdata/local/arduino15/packages/arduino/tools/arm-none-eabi-gcc/4.8.3-2014q1/bin/../lib/gcc/arm-none-eabi/4.8.3/../../../../arm-none-eabi/lib/armv7-m\libg.a(lib_a-fstatr.o)
                0x00085478                _fstat_r
 .text._isatty_r
                0x000854a0       0x24 c:/users/bryce/appdata/local/arduino15/packages/arduino/tools/arm-none-eabi-gcc/4.8.3-2014q1/bin/../lib/gcc/arm-none-eabi/4.8.3/../../../../arm-none-eabi/lib/armv7-m\libg.a(lib_a-isattyr.o)
                0x000854a0                _isatty_r
 .text._lseek_r
                0x000854c4       0x28 c:/users/bryce/appdata/local/arduino15/packages/arduino/tools/arm-none-eabi-gcc/4.8.3-2014q1/bin/../lib/gcc/arm-none-eabi/4.8.3/../../../../arm-none-eabi/lib/armv7-m\libg.a(lib_a-lseekr.o)
                0x000854c4                _lseek_r
 .text._read_r  0x000854ec       0x28 c:/users/bryce/appdata/local/arduino15/packages/arduino/tools/arm-none-eabi-gcc/4.8.3-2014q1/bin/../lib/gcc/arm-none-eabi/4.8.3/../../../../arm-none-eabi/lib/armv7-m\libg.a(lib_a-readr.o)
                0x000854ec                _read_r
 .text          0x00085514       0x2c c:/users/bryce/appdata/local/arduino15/packages/arduino/tools/arm-none-eabi-gcc/4.8.3-2014q1/bin/../lib/gcc/arm-none-eabi/4.8.3/armv7-m\libgcc.a(_aeabi_uldivmod.o)
                0x00085514                __aeabi_uldivmod
 .text          0x00085540       0x60 c:/users/bryce/appdata/local/arduino15/packages/arduino/tools/arm-none-eabi-gcc/4.8.3-2014q1/bin/../lib/gcc/arm-none-eabi/4.8.3/armv7-m\libgcc.a(bpabi.o)
                0x00085540                __gnu_ldivmod_helper
                0x00085570                __gnu_uldivmod_helper
 .text          0x000855a0        0x4 c:/users/bryce/appdata/local/arduino15/packages/arduino/tools/arm-none-eabi-gcc/4.8.3-2014q1/bin/../lib/gcc/arm-none-eabi/4.8.3/armv7-m\libgcc.a(_dvmd_tls.o)
                0x000855a0                __aeabi_idiv0
                0x000855a0                __aeabi_ldiv0
 .text          0x000855a4      0x2a0 c:/users/bryce/appdata/local/arduino15/packages/arduino/tools/arm-none-eabi-gcc/4.8.3-2014q1/bin/../lib/gcc/arm-none-eabi/4.8.3/armv7-m\libgcc.a(_divdi3.o)
                0x000855a4                __divdi3
 .text          0x00085844      0x290 c:/users/bryce/appdata/local/arduino15/packages/arduino/tools/arm-none-eabi-gcc/4.8.3-2014q1/bin/../lib/gcc/arm-none-eabi/4.8.3/armv7-m\libgcc.a(_udivdi3.o)
                0x00085844                __udivdi3
 *(.glue_7t)
 .glue_7t       0x00000000        0x0 linker stubs
 *(.glue_7)
 .glue_7        0x00000000        0x0 linker stubs
 *(.rodata .rodata* .gnu.linkonce.r.*)
 .rodata.str1.1
                0x00085ad4       0x6e C:\Users\Bryce\AppData\Local\Temp\VMBuilds\MTRN4110_PhaseA\arduino_due_x_dbg\Debug\MTRN4110_PhaseA.cpp.o
                                 0x7f (size before relaxing)
 *fill*         0x00085b42        0x6 
 .rodata._ZTV17LiquidCrystal_I2C
                0x00085b48       0x10 C:\Users\Bryce\AppData\Local\Temp\VMBuilds\MTRN4110_PhaseA\arduino_due_x_dbg\Debug\LiquidCrystal_I2C\LiquidCrystal_I2C.cpp.o
                0x00085b48                vtable for LiquidCrystal_I2C
 .rodata        0x00085b58       0x10 C:\Users\Bryce\AppData\Local\Temp\VMBuilds\MTRN4110_PhaseA\arduino_due_x_dbg\Debug\LiquidCrystal_I2C\LiquidCrystal_I2C.cpp.o
 .rodata._ZTV7TwoWire
                0x00085b68       0x20 C:\Users\Bryce\AppData\Local\Temp\VMBuilds\MTRN4110_PhaseA\arduino_due_x_dbg\Debug\Wire\Wire.cpp.o
                0x00085b68                vtable for TwoWire
 .rodata.g_APinDescription
                0x00085b88      0xa2c C:\Users\Bryce\AppData\Local\Temp\VMBCore\arduino16x\89b3a82bc3cac47d5c536cdc328d0eb3\variant\variant.cpp.o
                0x00085b88                g_APinDescription
 .rodata.__func__.7227
                0x000865b4        0xe C:\Users\Bryce\AppData\Local\arduino15\packages\arduino\hardware\sam\1.6.11\variants\arduino_due_x/libsam_sam3x8e_gcc_rel.a(twi.o)
 .rodata.__func__.7157
                0x000865c2        0xd C:\Users\Bryce\AppData\Local\arduino15\packages\arduino\hardware\sam\1.6.11\variants\arduino_due_x/libsam_sam3x8e_gcc_rel.a(twi.o)
 .rodata.__func__.7208
                0x000865cf        0xf C:\Users\Bryce\AppData\Local\arduino15\packages\arduino\hardware\sam\1.6.11\variants\arduino_due_x/libsam_sam3x8e_gcc_rel.a(twi.o)
 .rodata.__func__.7176
                0x000865de        0xc C:\Users\Bryce\AppData\Local\arduino15\packages\arduino\hardware\sam\1.6.11\variants\arduino_due_x/libsam_sam3x8e_gcc_rel.a(twi.o)
 .rodata.str1.1
                0x000865ea       0xb4 C:\Users\Bryce\AppData\Local\arduino15\packages\arduino\hardware\sam\1.6.11\variants\arduino_due_x/libsam_sam3x8e_gcc_rel.a(twi.o)
 .rodata.__func__.7184
                0x0008669e        0x9 C:\Users\Bryce\AppData\Local\arduino15\packages\arduino\hardware\sam\1.6.11\variants\arduino_due_x/libsam_sam3x8e_gcc_rel.a(twi.o)
 .rodata.__func__.7231
                0x000866a7        0xe C:\Users\Bryce\AppData\Local\arduino15\packages\arduino\hardware\sam\1.6.11\variants\arduino_due_x/libsam_sam3x8e_gcc_rel.a(twi.o)
 .rodata.__func__.7195
                0x000866b5        0xd C:\Users\Bryce\AppData\Local\arduino15\packages\arduino\hardware\sam\1.6.11\variants\arduino_due_x/libsam_sam3x8e_gcc_rel.a(twi.o)
 .rodata.__func__.7222
                0x000866c2        0xd C:\Users\Bryce\AppData\Local\arduino15\packages\arduino\hardware\sam\1.6.11\variants\arduino_due_x/libsam_sam3x8e_gcc_rel.a(twi.o)
 .rodata.__func__.7200
                0x000866cf        0xe C:\Users\Bryce\AppData\Local\arduino15\packages\arduino\hardware\sam\1.6.11\variants\arduino_due_x/libsam_sam3x8e_gcc_rel.a(twi.o)
 .rodata.__func__.7151
                0x000866dd       0x14 C:\Users\Bryce\AppData\Local\arduino15\packages\arduino\hardware\sam\1.6.11\variants\arduino_due_x/libsam_sam3x8e_gcc_rel.a(twi.o)
 *fill*         0x000866f1        0x3 
 .rodata        0x000866f4       0x40 C:\Users\Bryce\AppData\Local\arduino15\packages\arduino\hardware\sam\1.6.11\variants\arduino_due_x/libsam_sam3x8e_gcc_rel.a(adc.o)
 .rodata.str1.1
                0x00086734       0x19 C:\Users\Bryce\AppData\Local\Temp\VMBuilds\MTRN4110_PhaseA\arduino_due_x_dbg\Debug/core.a(syscalls_sam3.c.o)
 .rodata.str1.1
                0x0008674d        0xf C:\Users\Bryce\AppData\Local\Temp\VMBuilds\MTRN4110_PhaseA\arduino_due_x_dbg\Debug/core.a(Print.cpp.o)
 *fill*         0x0008675c        0x4 
 .rodata._ZTV9UARTClass
                0x00086760       0x30 C:\Users\Bryce\AppData\Local\Temp\VMBuilds\MTRN4110_PhaseA\arduino_due_x_dbg\Debug/core.a(UARTClass.cpp.o)
                0x00086760                vtable for UARTClass
 .rodata._ZTV10USARTClass
                0x00086790       0x30 C:\Users\Bryce\AppData\Local\Temp\VMBuilds\MTRN4110_PhaseA\arduino_due_x_dbg\Debug/core.a(USARTClass.cpp.o)
                0x00086790                vtable for USARTClass
 .rodata.STRING_PRODUCT
                0x000867c0        0xc C:\Users\Bryce\AppData\Local\Temp\VMBuilds\MTRN4110_PhaseA\arduino_due_x_dbg\Debug/core.a(USBCore.cpp.o)
                0x000867c0                STRING_PRODUCT
 .rodata.USB_DeviceDescriptor
                0x000867cc       0x12 C:\Users\Bryce\AppData\Local\Temp\VMBuilds\MTRN4110_PhaseA\arduino_due_x_dbg\Debug/core.a(USBCore.cpp.o)
                0x000867cc                USB_DeviceDescriptor
 .rodata.STRING_LANGUAGE
                0x000867de        0x4 C:\Users\Bryce\AppData\Local\Temp\VMBuilds\MTRN4110_PhaseA\arduino_due_x_dbg\Debug/core.a(USBCore.cpp.o)
                0x000867de                STRING_LANGUAGE
 .rodata._ZL18test_packet_buffer
                0x000867e2       0x35 C:\Users\Bryce\AppData\Local\Temp\VMBuilds\MTRN4110_PhaseA\arduino_due_x_dbg\Debug/core.a(USBCore.cpp.o)
 .rodata.STRING_MANUFACTURER
                0x00086817        0xc C:\Users\Bryce\AppData\Local\Temp\VMBuilds\MTRN4110_PhaseA\arduino_due_x_dbg\Debug/core.a(USBCore.cpp.o)
                0x00086817                STRING_MANUFACTURER
 .rodata.USB_DeviceDescriptorA
                0x00086823       0x12 C:\Users\Bryce\AppData\Local\Temp\VMBuilds\MTRN4110_PhaseA\arduino_due_x_dbg\Debug/core.a(USBCore.cpp.o)
                0x00086823                USB_DeviceDescriptorA
 .rodata._ZL19USB_DeviceQualifier
                0x00086835        0x9 C:\Users\Bryce\AppData\Local\Temp\VMBuilds\MTRN4110_PhaseA\arduino_due_x_dbg\Debug/core.a(USBCore.cpp.o)
 *fill*         0x0008683e        0x2 
 .rodata._ZTV7Serial_
                0x00086840       0x28 C:\Users\Bryce\AppData\Local\Temp\VMBuilds\MTRN4110_PhaseA\arduino_due_x_dbg\Debug/core.a(CDC.cpp.o)
                0x00086840                vtable for Serial_
 .rodata._ZL18_cdcOtherInterface
                0x00086868       0x42 C:\Users\Bryce\AppData\Local\Temp\VMBuilds\MTRN4110_PhaseA\arduino_due_x_dbg\Debug/core.a(CDC.cpp.o)
 .rodata._ZL13_cdcInterface
                0x000868aa       0x42 C:\Users\Bryce\AppData\Local\Temp\VMBuilds\MTRN4110_PhaseA\arduino_due_x_dbg\Debug/core.a(CDC.cpp.o)
 .rodata.str1.4
                0x000868ec       0x3f c:/users/bryce/appdata/local/arduino15/packages/arduino/tools/arm-none-eabi-gcc/4.8.3-2014q1/bin/../lib/gcc/arm-none-eabi/4.8.3/../../../../arm-none-eabi/lib/armv7-m\libg.a(lib_a-assert.o)
                                 0x44 (size before relaxing)
 *fill*         0x0008692b        0x1 
 .rodata.str1.4
                0x0008692c        0x2 c:/users/bryce/appdata/local/arduino15/packages/arduino/tools/arm-none-eabi-gcc/4.8.3-2014q1/bin/../lib/gcc/arm-none-eabi/4.8.3/../../../../arm-none-eabi/lib/armv7-m\libg.a(lib_a-impure.o)
                                  0x4 (size before relaxing)
 *fill*         0x0008692e        0x2 
 .rodata._global_impure_ptr
                0x00086930        0x4 c:/users/bryce/appdata/local/arduino15/packages/arduino/tools/arm-none-eabi-gcc/4.8.3-2014q1/bin/../lib/gcc/arm-none-eabi/4.8.3/../../../../arm-none-eabi/lib/armv7-m\libg.a(lib_a-impure.o)
                0x00086930                _global_impure_ptr
 .rodata.blanks.6717
                0x00086934       0x10 c:/users/bryce/appdata/local/arduino15/packages/arduino/tools/arm-none-eabi-gcc/4.8.3-2014q1/bin/../lib/gcc/arm-none-eabi/4.8.3/../../../../arm-none-eabi/lib/armv7-m\libg.a(lib_a-vfiprintf.o)
 .rodata.str1.4
                0x00086944       0x30 c:/users/bryce/appdata/local/arduino15/packages/arduino/tools/arm-none-eabi-gcc/4.8.3-2014q1/bin/../lib/gcc/arm-none-eabi/4.8.3/../../../../arm-none-eabi/lib/armv7-m\libg.a(lib_a-vfiprintf.o)
 .rodata.zeroes.6718
                0x00086974       0x10 c:/users/bryce/appdata/local/arduino15/packages/arduino/tools/arm-none-eabi-gcc/4.8.3-2014q1/bin/../lib/gcc/arm-none-eabi/4.8.3/../../../../arm-none-eabi/lib/armv7-m\libg.a(lib_a-vfiprintf.o)
 *(.ARM.extab* .gnu.linkonce.armextab.*)
                0x00086984                . = ALIGN (0x4)
 *(.init)
 .init          0x00086984        0x4 c:/users/bryce/appdata/local/arduino15/packages/arduino/tools/arm-none-eabi-gcc/4.8.3-2014q1/bin/../lib/gcc/arm-none-eabi/4.8.3/armv7-m/crti.o
                0x00086984                _init
 .init          0x00086988        0x8 c:/users/bryce/appdata/local/arduino15/packages/arduino/tools/arm-none-eabi-gcc/4.8.3-2014q1/bin/../lib/gcc/arm-none-eabi/4.8.3/armv7-m/crtn.o
                0x00086990                . = ALIGN (0x4)
                0x00086990                __preinit_array_start = .
 *(.preinit_array)
                0x00086990                __preinit_array_end = .
                0x00086990                . = ALIGN (0x4)
                0x00086990                __init_array_start = .
 *(SORT(.init_array.*))
 .init_array.00000
                0x00086990        0x4 c:/users/bryce/appdata/local/arduino15/packages/arduino/tools/arm-none-eabi-gcc/4.8.3-2014q1/bin/../lib/gcc/arm-none-eabi/4.8.3/../../../../arm-none-eabi/lib/armv7-m\libg.a(lib_a-__call_atexit.o)
 *(.init_array)
 .init_array    0x00086994        0x4 c:/users/bryce/appdata/local/arduino15/packages/arduino/tools/arm-none-eabi-gcc/4.8.3-2014q1/bin/../lib/gcc/arm-none-eabi/4.8.3/armv7-m/crtbegin.o
 .init_array    0x00086998        0x4 C:\Users\Bryce\AppData\Local\Temp\VMBuilds\MTRN4110_PhaseA\arduino_due_x_dbg\Debug\MTRN4110_PhaseA.cpp.o
 .init_array    0x0008699c        0x4 C:\Users\Bryce\AppData\Local\Temp\VMBuilds\MTRN4110_PhaseA\arduino_due_x_dbg\Debug\Wire\Wire.cpp.o
 .init_array    0x000869a0        0x4 C:\Users\Bryce\AppData\Local\Temp\VMBCore\arduino16x\89b3a82bc3cac47d5c536cdc328d0eb3\variant\variant.cpp.o
 .init_array    0x000869a4        0x4 C:\Users\Bryce\AppData\Local\Temp\VMBuilds\MTRN4110_PhaseA\arduino_due_x_dbg\Debug/core.a(USBCore.cpp.o)
 .init_array    0x000869a8        0x4 C:\Users\Bryce\AppData\Local\Temp\VMBuilds\MTRN4110_PhaseA\arduino_due_x_dbg\Debug/core.a(CDC.cpp.o)
                0x000869ac                __init_array_end = .
                0x000869ac                . = ALIGN (0x4)
 *crtbegin.o(.ctors)
 *(EXCLUDE_FILE(*crtend.o) .ctors)
 *(SORT(.ctors.*))
 *crtend.o(.ctors)
                0x000869ac                . = ALIGN (0x4)
 *(.fini)
 .fini          0x000869ac        0x4 c:/users/bryce/appdata/local/arduino15/packages/arduino/tools/arm-none-eabi-gcc/4.8.3-2014q1/bin/../lib/gcc/arm-none-eabi/4.8.3/armv7-m/crti.o
                0x000869ac                _fini
 .fini          0x000869b0        0x8 c:/users/bryce/appdata/local/arduino15/packages/arduino/tools/arm-none-eabi-gcc/4.8.3-2014q1/bin/../lib/gcc/arm-none-eabi/4.8.3/armv7-m/crtn.o
                0x000869b8                . = ALIGN (0x4)
                0x000869b8                __fini_array_start = .
 *(.fini_array)
 .fini_array    0x000869b8        0x4 c:/users/bryce/appdata/local/arduino15/packages/arduino/tools/arm-none-eabi-gcc/4.8.3-2014q1/bin/../lib/gcc/arm-none-eabi/4.8.3/armv7-m/crtbegin.o
 *(SORT(.fini_array.*))
                0x000869bc                __fini_array_end = .
 *crtbegin.o(.dtors)
 *(EXCLUDE_FILE(*crtend.o) .dtors)
 *(SORT(.dtors.*))
 *crtend.o(.dtors)
                0x000869bc                . = ALIGN (0x4)
                0x000869bc                _efixed = .
                0x000869bc                PROVIDE (__exidx_start, .)

.vfp11_veneer   0x000869bc        0x0
 .vfp11_veneer  0x00000000        0x0 linker stubs

.v4_bx          0x000869bc        0x0
 .v4_bx         0x00000000        0x0 linker stubs

.iplt           0x000869bc        0x0
 .iplt          0x00000000        0x0 c:/users/bryce/appdata/local/arduino15/packages/arduino/tools/arm-none-eabi-gcc/4.8.3-2014q1/bin/../lib/gcc/arm-none-eabi/4.8.3/armv7-m/crtbegin.o

.ARM.exidx      0x000869bc        0x8
 *(.ARM.exidx* .gnu.linkonce.armexidx.*)
 .ARM.exidx     0x000869bc        0x8 c:/users/bryce/appdata/local/arduino15/packages/arduino/tools/arm-none-eabi-gcc/4.8.3-2014q1/bin/../lib/gcc/arm-none-eabi/4.8.3/armv7-m\libgcc.a(_divdi3.o)
 .ARM.exidx     0x000869c4        0x0 c:/users/bryce/appdata/local/arduino15/packages/arduino/tools/arm-none-eabi-gcc/4.8.3-2014q1/bin/../lib/gcc/arm-none-eabi/4.8.3/armv7-m\libgcc.a(_udivdi3.o)
                                  0x8 (size before relaxing)
                0x000869c4                PROVIDE (__exidx_end, .)

.eh_frame       0x000869c4        0x0
 .eh_frame      0x000869c4        0x0 c:/users/bryce/appdata/local/arduino15/packages/arduino/tools/arm-none-eabi-gcc/4.8.3-2014q1/bin/../lib/gcc/arm-none-eabi/4.8.3/armv7-m/crtbegin.o

.rel.dyn        0x000869c4        0x0
 .rel.iplt      0x00000000        0x0 c:/users/bryce/appdata/local/arduino15/packages/arduino/tools/arm-none-eabi-gcc/4.8.3-2014q1/bin/../lib/gcc/arm-none-eabi/4.8.3/armv7-m/crtbegin.o

.jcr            0x000869c4        0x0
 .jcr           0x000869c4        0x0 c:/users/bryce/appdata/local/arduino15/packages/arduino/tools/arm-none-eabi-gcc/4.8.3-2014q1/bin/../lib/gcc/arm-none-eabi/4.8.3/armv7-m/crtbegin.o

.igot.plt       0x000869c4        0x0
 .igot.plt      0x00000000        0x0 c:/users/bryce/appdata/local/arduino15/packages/arduino/tools/arm-none-eabi-gcc/4.8.3-2014q1/bin/../lib/gcc/arm-none-eabi/4.8.3/armv7-m/crtbegin.o
                0x000869c4                . = ALIGN (0x4)
                0x000869c4                _etext = .

.relocate       0x20070000      0x8d4 load address 0x000869c4
                0x20070000                . = ALIGN (0x4)
                0x20070000                _srelocate = .
 *(.ramfunc .ramfunc.*)
 .ramfunc       0x20070000       0x2c C:\Users\Bryce\AppData\Local\Temp\VMBuilds\MTRN4110_PhaseA\arduino_due_x_dbg\Debug/core.a(Reset.cpp.o)
                0x20070000                banzai
 *(.data .data.*)
 .data          0x2007002c        0x4 c:/users/bryce/appdata/local/arduino15/packages/arduino/tools/arm-none-eabi-gcc/4.8.3-2014q1/bin/../lib/gcc/arm-none-eabi/4.8.3/armv7-m/crtbegin.o
                0x2007002c                __dso_handle
 .data.SystemCoreClock
                0x20070030        0x4 C:\Users\Bryce\AppData\Local\arduino15\packages\arduino\hardware\sam\1.6.11\variants\arduino_due_x/libsam_sam3x8e_gcc_rel.a(system_sam3xa.o)
                0x20070030                SystemCoreClock
 .data._ZL5ticks
                0x20070034        0x4 C:\Users\Bryce\AppData\Local\Temp\VMBuilds\MTRN4110_PhaseA\arduino_due_x_dbg\Debug/core.a(Reset.cpp.o)
 .data.EndPoints
                0x20070038       0x28 C:\Users\Bryce\AppData\Local\Temp\VMBuilds\MTRN4110_PhaseA\arduino_due_x_dbg\Debug/core.a(USBCore.cpp.o)
                0x20070038                EndPoints
 .data._ZL10breakValue
                0x20070060        0x4 C:\Users\Bryce\AppData\Local\Temp\VMBuilds\MTRN4110_PhaseA\arduino_due_x_dbg\Debug/core.a(CDC.cpp.o)
 .data._ZL12_usbLineInfo
                0x20070064        0x8 C:\Users\Bryce\AppData\Local\Temp\VMBuilds\MTRN4110_PhaseA\arduino_due_x_dbg\Debug/core.a(CDC.cpp.o)
 .data.g_interrupt_enabled
                0x2007006c        0x4 C:\Users\Bryce\AppData\Local\arduino15\packages\arduino\hardware\sam\1.6.11\variants\arduino_due_x/libsam_sam3x8e_gcc_rel.a(interrupt_sam_nvic.o)
                0x2007006c                g_interrupt_enabled
 .data.impure_data
                0x20070070      0x428 c:/users/bryce/appdata/local/arduino15/packages/arduino/tools/arm-none-eabi-gcc/4.8.3-2014q1/bin/../lib/gcc/arm-none-eabi/4.8.3/../../../../arm-none-eabi/lib/armv7-m\libg.a(lib_a-impure.o)
 .data._impure_ptr
                0x20070498        0x4 c:/users/bryce/appdata/local/arduino15/packages/arduino/tools/arm-none-eabi-gcc/4.8.3-2014q1/bin/../lib/gcc/arm-none-eabi/4.8.3/../../../../arm-none-eabi/lib/armv7-m\libg.a(lib_a-impure.o)
                0x20070498                _impure_ptr
 .data.__malloc_av_
                0x2007049c      0x408 c:/users/bryce/appdata/local/arduino15/packages/arduino/tools/arm-none-eabi-gcc/4.8.3-2014q1/bin/../lib/gcc/arm-none-eabi/4.8.3/../../../../arm-none-eabi/lib/armv7-m\libg.a(lib_a-mallocr.o)
                0x2007049c                __malloc_av_
 .data.__malloc_trim_threshold
                0x200708a4        0x4 c:/users/bryce/appdata/local/arduino15/packages/arduino/tools/arm-none-eabi-gcc/4.8.3-2014q1/bin/../lib/gcc/arm-none-eabi/4.8.3/../../../../arm-none-eabi/lib/armv7-m\libg.a(lib_a-mallocr.o)
                0x200708a4                __malloc_trim_threshold
 .data.__malloc_sbrk_base
                0x200708a8        0x4 c:/users/bryce/appdata/local/arduino15/packages/arduino/tools/arm-none-eabi-gcc/4.8.3-2014q1/bin/../lib/gcc/arm-none-eabi/4.8.3/../../../../arm-none-eabi/lib/armv7-m\libg.a(lib_a-mallocr.o)
                0x200708a8                __malloc_sbrk_base
 .data.lc_ctype_charset
                0x200708ac       0x20 c:/users/bryce/appdata/local/arduino15/packages/arduino/tools/arm-none-eabi-gcc/4.8.3-2014q1/bin/../lib/gcc/arm-none-eabi/4.8.3/../../../../arm-none-eabi/lib/armv7-m\libg.a(lib_a-locale.o)
 .data.__mb_cur_max
                0x200708cc        0x4 c:/users/bryce/appdata/local/arduino15/packages/arduino/tools/arm-none-eabi-gcc/4.8.3-2014q1/bin/../lib/gcc/arm-none-eabi/4.8.3/../../../../arm-none-eabi/lib/armv7-m\libg.a(lib_a-locale.o)
                0x200708cc                __mb_cur_max
 .data.__wctomb
                0x200708d0        0x4 c:/users/bryce/appdata/local/arduino15/packages/arduino/tools/arm-none-eabi-gcc/4.8.3-2014q1/bin/../lib/gcc/arm-none-eabi/4.8.3/../../../../arm-none-eabi/lib/armv7-m\libg.a(lib_a-wctomb_r.o)
                0x200708d0                __wctomb
                0x200708d4                . = ALIGN (0x4)
                0x200708d4                _erelocate = .

.bss            0x200708d4      0xaa4 load address 0x00087298
                0x200708d4                . = ALIGN (0x4)
                0x200708d4                _sbss = .
                0x200708d4                _szero = .
 *(.bss .bss.*)
 .bss           0x200708d4       0x1c c:/users/bryce/appdata/local/arduino15/packages/arduino/tools/arm-none-eabi-gcc/4.8.3-2014q1/bin/../lib/gcc/arm-none-eabi/4.8.3/armv7-m/crtbegin.o
 .bss.BT        0x200708f0        0xe C:\Users\Bryce\AppData\Local\Temp\VMBuilds\MTRN4110_PhaseA\arduino_due_x_dbg\Debug\MTRN4110_PhaseA.cpp.o
                0x200708f0                BT
 .bss.menu      0x200708fe      0x134 C:\Users\Bryce\AppData\Local\Temp\VMBuilds\MTRN4110_PhaseA\arduino_due_x_dbg\Debug\MTRN4110_PhaseA.cpp.o
                0x200708fe                menu
 .bss.lcd       0x20070a32       0x10 C:\Users\Bryce\AppData\Local\Temp\VMBuilds\MTRN4110_PhaseA\arduino_due_x_dbg\Debug\MTRN4110_PhaseA.cpp.o
                0x20070a32                lcd
 *fill*         0x20070a42        0x2 
 .bss.Wire1     0x20070a44       0x94 C:\Users\Bryce\AppData\Local\Temp\VMBuilds\MTRN4110_PhaseA\arduino_due_x_dbg\Debug\Wire\Wire.cpp.o
                0x20070a44                Wire1
 .bss.Wire      0x20070ad8       0x94 C:\Users\Bryce\AppData\Local\Temp\VMBuilds\MTRN4110_PhaseA\arduino_due_x_dbg\Debug\Wire\Wire.cpp.o